Component: ARM Compiler 5.06 update 6 (build 750) Tool: armlink [4d35ed]

==============================================================================

Section Cross References

    startup.o(STACK) refers (Special) to timer.o(i.T0isr) for T0isr
    startup.o(STACK) refers (Special) to heapauxi.o(.text) for __use_two_region_memory
    startup.o(HEAP) refers (Special) to timer.o(i.T0isr) for T0isr
    startup.o(HEAP) refers (Special) to heapauxi.o(.text) for __use_two_region_memory
    startup.o(RESET) refers (Special) to timer.o(i.T0isr) for T0isr
    startup.o(RESET) refers (Special) to heapauxi.o(.text) for __use_two_region_memory
    startup.o(RESET) refers to startup.o(STACK) for Stack_Top
    startup.o(RESET) refers to __main.o(!!!main) for __main
    startup.o(.text) refers (Special) to timer.o(i.T0isr) for T0isr
    startup.o(.text) refers (Special) to heapauxi.o(.text) for __use_two_region_memory
    startup.o(.text) refers to startup.o(HEAP) for Heap_Mem
    startup.o(.text) refers to startup.o(STACK) for Stack_Mem
    i2c_communication.o(i.LidarRead_8bits) refers to i2c_communication.o(i.Lidar_start_condition) for Lidar_start_condition
    i2c_communication.o(i.LidarRead_8bits) refers to i2c_communication.o(i.Lidar_stop_condition) for Lidar_stop_condition
    i2c_communication.o(i.LidarRead_8bits) refers to i2c_communication.o(i.wait_for_response) for wait_for_response
    i2c_communication.o(i.LidarRead_8bits) refers to noretval__2printf.o(.text) for __2printf
    i2c_communication.o(i.LidarWrite_8bits) refers to i2c_communication.o(i.Lidar_start_condition) for Lidar_start_condition
    i2c_communication.o(i.LidarWrite_8bits) refers to i2c_communication.o(i.Lidar_stop_condition) for Lidar_stop_condition
    i2c_communication.o(i.LidarWrite_8bits) refers to i2c_communication.o(i.wait_for_response) for wait_for_response
    i2c_communication.o(i.LidarWrite_8bits) refers to noretval__2printf.o(.text) for __2printf
    lidar.o(i.Lidar_config) refers to i2c_communication.o(i.LidarWrite_8bits) for LidarWrite_8bits
    lidar.o(i.read_distance) refers to i2c_communication.o(i.LidarWrite_8bits) for LidarWrite_8bits
    lidar.o(i.read_distance) refers to i2c_communication.o(i.LidarRead_8bits) for LidarRead_8bits
    main.o(i.main) refers to _printf_percent.o(.ARM.Collect$$_printf_percent$$00000000) for _printf_percent
    main.o(i.main) refers to _printf_d.o(.ARM.Collect$$_printf_percent$$00000009) for _printf_d
    main.o(i.main) refers to _printf_g.o(.ARM.Collect$$_printf_percent$$00000005) for _printf_g
    main.o(i.main) refers to _printf_dec.o(.text) for _printf_int_dec
    main.o(i.main) refers to printf1.o(x$fpl$printf1) for _printf_fp_dec
    main.o(i.main) refers to main.o(i.setup_function) for setup_function
    main.o(i.main) refers to lidar.o(i.Lidar_config) for Lidar_config
    main.o(i.main) refers to main.o(i.servo_init) for servo_init
    main.o(i.main) refers to main.o(i.delay_ms) for delay_ms
    main.o(i.main) refers to main.o(i.servo_set_position_x) for servo_set_position_x
    main.o(i.main) refers to lidar.o(i.read_distance) for read_distance
    main.o(i.main) refers to aeabi_sdiv.o(.text) for __aeabi_idivmod
    main.o(i.main) refers to noretval__2printf.o(.text) for __2printf
    main.o(i.main) refers to daddsub_noclz.o(x$fpl$dadd) for __aeabi_dadd
    main.o(i.main) refers to main.o(i.servo_set_position_y) for servo_set_position_y
    main.o(i.main) refers to daddsub_noclz.o(x$fpl$dsub) for __aeabi_dsub
    main.o(i.setup_function) refers to uart0.o(i.initUART0) for initUART0
    main.o(i.setup_function) refers to timer.o(i.initTimer) for initTimer
    main.o(i.setup_function) refers to i2c_communication.o(i.I2C_init) for I2C_init
    retarget.o(i._sys_exit) refers (Special) to use_no_semi.o(.text) for __use_no_semihosting_swi
    retarget.o(i._ttywrch) refers (Special) to use_no_semi.o(.text) for __use_no_semihosting_swi
    retarget.o(i._ttywrch) refers to uart0.o(i.U0Write) for U0Write
    retarget.o(i.ferror) refers (Special) to use_no_semi.o(.text) for __use_no_semihosting_swi
    retarget.o(i.fputc) refers (Special) to use_no_semi.o(.text) for __use_no_semihosting_swi
    retarget.o(i.fputc) refers to uart0.o(i.U0Write) for U0Write
    retarget.o(.data) refers (Special) to use_no_semi.o(.text) for __use_no_semihosting_swi
    timer.o(i.T0isr) refers to timer.o(.data) for state
    timer.o(i.initTimer) refers to timer.o(i.T0isr) for T0isr
    sonar.o(i.fiqint) refers to dflt_noclz.o(x$fpl$dfltu) for __aeabi_ui2d
    sonar.o(i.fiqint) refers to daddsub_noclz.o(x$fpl$dsub) for __aeabi_dsub
    sonar.o(i.fiqint) refers to sonar.o(.data) for Value
    sonar.o(i.read_distance_sonar) refers to ddiv.o(x$fpl$ddiv) for __aeabi_ddiv
    sonar.o(i.read_distance_sonar) refers to dmul.o(x$fpl$dmul) for __aeabi_dmul
    sonar.o(i.read_distance_sonar) refers to dfixu.o(x$fpl$dfixu) for __aeabi_d2uiz
    sonar.o(i.read_distance_sonar) refers to sonar.o(.data) for Flag
    sonar.o(i.timer_capture_init) refers to sonar.o(i.fiqint) for fiqint
    __2printf.o(.text) refers to _printf_char_file.o(.text) for _printf_char_file
    __2printf.o(.text) refers to retarget.o(.data) for __stdout
    noretval__2printf.o(.text) refers to _printf_char_file.o(.text) for _printf_char_file
    noretval__2printf.o(.text) refers to retarget.o(.data) for __stdout
    __printf.o(.text) refers to __printf.o(i.__ARM_common_call_via_r1) for __ARM_common_call_via_r1
    __printf.o(.text) refers to _printf_percent.o(.ARM.Collect$$_printf_percent$$00000000) for _printf_percent
    __printf.o(.text) refers to __printf.o(i.__ARM_common_call_via_r2) for __ARM_common_call_via_r2
    _printf_dec.o(.text) refers to rtudiv10.o(.text) for __rt_udiv10
    _printf_dec.o(.text) refers to _printf_intcommon.o(.text) for _printf_int_common
    __printf_flags.o(.text) refers to __printf.o(i.__ARM_common_call_via_r1) for __ARM_common_call_via_r1
    __printf_flags.o(.text) refers to _printf_percent.o(.ARM.Collect$$_printf_percent$$00000000) for _printf_percent
    __printf_flags.o(.text) refers to __printf.o(i.__ARM_common_call_via_r2) for __ARM_common_call_via_r2
    __printf_flags.o(.text) refers to __printf_flags.o(.constdata) for .constdata
    __printf_ss.o(.text) refers to __printf.o(i.__ARM_common_call_via_r1) for __ARM_common_call_via_r1
    __printf_ss.o(.text) refers to _printf_percent.o(.ARM.Collect$$_printf_percent$$00000000) for _printf_percent
    __printf_ss.o(.text) refers to __printf.o(i.__ARM_common_call_via_r2) for __ARM_common_call_via_r2
    __printf_flags_ss.o(.text) refers to __printf.o(i.__ARM_common_call_via_r1) for __ARM_common_call_via_r1
    __printf_flags_ss.o(.text) refers to _printf_percent.o(.ARM.Collect$$_printf_percent$$00000000) for _printf_percent
    __printf_flags_ss.o(.text) refers to __printf.o(i.__ARM_common_call_via_r2) for __ARM_common_call_via_r2
    __printf_flags_ss.o(.text) refers to __printf_flags_ss.o(.constdata) for .constdata
    __printf_wp.o(.text) refers to __printf.o(i.__ARM_common_call_via_r1) for __ARM_common_call_via_r1
    __printf_wp.o(.text) refers to __printf_wp.o(i._is_digit) for _is_digit
    __printf_wp.o(.text) refers to _printf_percent.o(.ARM.Collect$$_printf_percent$$00000000) for _printf_percent
    __printf_wp.o(.text) refers to __printf.o(i.__ARM_common_call_via_r2) for __ARM_common_call_via_r2
    __printf_flags_wp.o(.text) refers to __printf.o(i.__ARM_common_call_via_r1) for __ARM_common_call_via_r1
    __printf_flags_wp.o(.text) refers to __printf_wp.o(i._is_digit) for _is_digit
    __printf_flags_wp.o(.text) refers to _printf_percent.o(.ARM.Collect$$_printf_percent$$00000000) for _printf_percent
    __printf_flags_wp.o(.text) refers to __printf.o(i.__ARM_common_call_via_r2) for __ARM_common_call_via_r2
    __printf_flags_wp.o(.text) refers to __printf_flags_wp.o(.constdata) for .constdata
    __printf_ss_wp.o(.text) refers to __printf.o(i.__ARM_common_call_via_r1) for __ARM_common_call_via_r1
    __printf_ss_wp.o(.text) refers to __printf_wp.o(i._is_digit) for _is_digit
    __printf_ss_wp.o(.text) refers to _printf_percent.o(.ARM.Collect$$_printf_percent$$00000000) for _printf_percent
    __printf_ss_wp.o(.text) refers to __printf.o(i.__ARM_common_call_via_r2) for __ARM_common_call_via_r2
    __printf_flags_ss_wp.o(.text) refers to __printf.o(i.__ARM_common_call_via_r1) for __ARM_common_call_via_r1
    __printf_flags_ss_wp.o(.text) refers to __printf_wp.o(i._is_digit) for _is_digit
    __printf_flags_ss_wp.o(.text) refers to _printf_percent.o(.ARM.Collect$$_printf_percent$$00000000) for _printf_percent
    __printf_flags_ss_wp.o(.text) refers to __printf.o(i.__ARM_common_call_via_r2) for __ARM_common_call_via_r2
    __printf_flags_ss_wp.o(.text) refers to __printf_flags_ss_wp.o(.constdata) for .constdata
    _printf_d.o(.ARM.Collect$$_printf_percent$$00000009) refers (Weak) to _printf_dec.o(.text) for _printf_int_dec
    _printf_g.o(.ARM.Collect$$_printf_percent$$00000005) refers (Weak) to printf1.o(x$fpl$printf1) for _printf_fp_dec
    _printf_percent.o(.ARM.Collect$$_printf_percent$$00000000) refers (Special) to _printf_percent_end.o(.ARM.Collect$$_printf_percent$$00000017) for _printf_percent_end
    aeabi_sdiv.o(.text_udiv) refers to aeabi_sdiv.o(.text) for __arm_div2
    aeabi_sdiv_div0.o(.text_udiv) refers to aeabi_sdiv_div0.o(.text) for __arm_div2
    __main.o(!!!main) refers to __rtentry.o(.ARM.Collect$$rtentry$$00000000) for __rt_entry
    daddsub_noclz.o(x$fpl$dadd) refers (Special) to usenofp.o(x$fpl$usenofp) for __I$use$fp
    daddsub_noclz.o(x$fpl$dadd) refers to daddsub_noclz.o(x$fpl$dsub) for _dsub1
    daddsub_noclz.o(x$fpl$dadd) refers to dretinf.o(x$fpl$dretinf) for __fpl_dretinf
    daddsub_noclz.o(x$fpl$dadd) refers to dnaninf.o(x$fpl$dnaninf) for __fpl_dnaninf
    daddsub_noclz.o(x$fpl$drsb) refers (Special) to usenofp.o(x$fpl$usenofp) for __I$use$fp
    daddsub_noclz.o(x$fpl$drsb) refers to daddsub_noclz.o(x$fpl$dadd) for _dadd1
    daddsub_noclz.o(x$fpl$drsb) refers to daddsub_noclz.o(x$fpl$dsub) for _dsub1
    daddsub_noclz.o(x$fpl$dsub) refers (Special) to usenofp.o(x$fpl$usenofp) for __I$use$fp
    daddsub_noclz.o(x$fpl$dsub) refers to daddsub_noclz.o(x$fpl$dadd) for _dadd1
    daddsub_noclz.o(x$fpl$dsub) refers to dnaninf.o(x$fpl$dnaninf) for __fpl_dnaninf
    ddiv.o(x$fpl$drdiv) refers (Special) to usenofp.o(x$fpl$usenofp) for __I$use$fp
    ddiv.o(x$fpl$drdiv) refers to ddiv.o(x$fpl$ddiv) for ddiv_entry
    ddiv.o(x$fpl$ddiv) refers (Special) to usenofp.o(x$fpl$usenofp) for __I$use$fp
    ddiv.o(x$fpl$ddiv) refers to dretinf.o(x$fpl$dretinf) for __fpl_dretinf
    ddiv.o(x$fpl$ddiv) refers to dnaninf.o(x$fpl$dnaninf) for __fpl_dnaninf
    dfixu.o(x$fpl$dfixu) refers (Special) to usenofp.o(x$fpl$usenofp) for __I$use$fp
    dfixu.o(x$fpl$dfixu) refers to dnaninf.o(x$fpl$dnaninf) for __fpl_dnaninf
    dfixu.o(x$fpl$dfixur) refers (Special) to usenofp.o(x$fpl$usenofp) for __I$use$fp
    dfixu.o(x$fpl$dfixur) refers to dnaninf.o(x$fpl$dnaninf) for __fpl_dnaninf
    dflt_noclz.o(x$fpl$dfltu) refers (Special) to usenofp.o(x$fpl$usenofp) for __I$use$fp
    dflt_noclz.o(x$fpl$dfltu) refers to dflt_noclz.o(x$fpl$dflt) for __dflt_normalise
    dflt_noclz.o(x$fpl$dflt) refers (Special) to usenofp.o(x$fpl$usenofp) for __I$use$fp
    dmul.o(x$fpl$dmul) refers (Special) to usenofp.o(x$fpl$usenofp) for __I$use$fp
    dmul.o(x$fpl$dmul) refers to dretinf.o(x$fpl$dretinf) for __fpl_dretinf
    dmul.o(x$fpl$dmul) refers to dnaninf.o(x$fpl$dnaninf) for __fpl_dnaninf
    printf1.o(x$fpl$printf1) refers to _printf_fp_dec.o(.text) for _printf_fp_dec_real
    __rtentry.o(.ARM.Collect$$rtentry$$00000000) refers (Special) to __rtentry2.o(.ARM.Collect$$rtentry$$0000000A) for __rt_entry_li
    __rtentry.o(.ARM.Collect$$rtentry$$00000000) refers (Special) to __rtentry2.o(.ARM.Collect$$rtentry$$0000000D) for __rt_entry_main
    __rtentry.o(.ARM.Collect$$rtentry$$00000000) refers (Special) to __rtentry2.o(.ARM.Collect$$rtentry$$0000000C) for __rt_entry_postli_1
    __rtentry.o(.ARM.Collect$$rtentry$$00000000) refers (Special) to __rtentry2.o(.ARM.Collect$$rtentry$$00000009) for __rt_entry_postsh_1
    __rtentry.o(.ARM.Collect$$rtentry$$00000000) refers (Special) to __rtentry2.o(.ARM.Collect$$rtentry$$00000002) for __rt_entry_presh_1
    __rtentry.o(.ARM.Collect$$rtentry$$00000000) refers (Special) to __rtentry4.o(.ARM.Collect$$rtentry$$00000004) for __rt_entry_sh
    aeabi_idiv0_sigfpe.o(.text) refers to rt_div0.o(.text) for __rt_div0
    _printf_intcommon.o(.text) refers to __printf.o(i.__ARM_common_call_via_r2) for __ARM_common_call_via_r2
    _printf_fp_dec.o(.text) refers (Special) to usenofp.o(x$fpl$usenofp) for __I$use$fp
    _printf_fp_dec.o(.text) refers (Special) to lc_numeric_c.o(locale$$code) for _get_lc_numeric
    _printf_fp_dec.o(.text) refers to istatus.o(x$fpl$ieeestatus) for __ieee_status
    _printf_fp_dec.o(.text) refers to bigflt0.o(.text) for _btod_etento
    _printf_fp_dec.o(.text) refers to btod.o(CL$$btod_d2e) for _btod_d2e
    _printf_fp_dec.o(.text) refers to btod.o(CL$$btod_ediv) for _btod_ediv
    _printf_fp_dec.o(.text) refers to btod.o(CL$$btod_emul) for _btod_emul
    _printf_fp_dec.o(.text) refers to lludiv10.o(.text) for _ll_udiv10
    _printf_fp_dec.o(.text) refers to fpclassify.o(i.__ARM_fpclassify) for __ARM_fpclassify
    _printf_fp_dec.o(.text) refers to _printf_fp_infnan.o(.text) for _printf_fp_infnan
    _printf_fp_dec.o(.text) refers to rtudiv10.o(.text) for __rt_udiv10
    _printf_fp_dec.o(.text) refers to __printf.o(i.__ARM_common_call_via_r2) for __ARM_common_call_via_r2
    _printf_fp_dec.o(.text) refers to rt_locale_intlibspace.o(.text) for __rt_locale
    _printf_char_file.o(.text) refers to _printf_char_common.o(.text) for _printf_char_common
    _printf_char_file.o(.text) refers to retarget.o(i.ferror) for ferror
    _printf_char_file.o(.text) refers to retarget.o(i.fputc) for fputc
    dnaninf.o(x$fpl$dnaninf) refers (Special) to usenofp.o(x$fpl$usenofp) for __I$use$fp
    dretinf.o(x$fpl$dretinf) refers (Special) to usenofp.o(x$fpl$usenofp) for __I$use$fp
    __rtentry2.o(.ARM.Collect$$rtentry$$00000008) refers to boardinit2.o(.text) for _platform_post_stackheap_init
    __rtentry2.o(.ARM.Collect$$rtentry$$0000000A) refers to libinit.o(.ARM.Collect$$libinit$$00000000) for __rt_lib_init
    __rtentry2.o(.ARM.Collect$$rtentry$$0000000B) refers to boardinit3.o(.text) for _platform_post_lib_init
    __rtentry2.o(.ARM.Collect$$rtentry$$0000000D) refers to exit.o(.text) for exit
    __rtentry2.o(.ARM.Collect$$rtentry$$0000000D) refers to main.o(i.main) for main
    __rtentry2.o(.ARM.exidx) refers to __rtentry2.o(.ARM.Collect$$rtentry$$00000001) for .ARM.Collect$$rtentry$$00000001
    __rtentry2.o(.ARM.exidx) refers to __rtentry2.o(.ARM.Collect$$rtentry$$00000008) for .ARM.Collect$$rtentry$$00000008
    __rtentry2.o(.ARM.exidx) refers to __rtentry2.o(.ARM.Collect$$rtentry$$0000000A) for .ARM.Collect$$rtentry$$0000000A
    __rtentry2.o(.ARM.exidx) refers to __rtentry2.o(.ARM.Collect$$rtentry$$0000000B) for .ARM.Collect$$rtentry$$0000000B
    __rtentry2.o(.ARM.exidx) refers to __rtentry2.o(.ARM.Collect$$rtentry$$0000000D) for .ARM.Collect$$rtentry$$0000000D
    __rtentry4.o(.ARM.Collect$$rtentry$$00000004) refers to sys_stackheap_outer.o(.text) for __user_setup_stackheap
    __rtentry4.o(.ARM.exidx) refers to __rtentry4.o(.ARM.Collect$$rtentry$$00000004) for .ARM.Collect$$rtentry$$00000004
    rt_div0.o(.text) refers to defsig_fpe_outer.o(.text) for __rt_SIGFPE
    rt_locale.o(.text) refers to rt_locale.o(.bss) for __rt_locale_data
    rt_locale_intlibspace.o(.text) refers to libspace.o(.bss) for __libspace_start
    _printf_char_common.o(.text) refers to __printf.o(.text) for __printf
    _printf_fp_infnan.o(.text) refers to __printf.o(i.__ARM_common_call_via_r2) for __ARM_common_call_via_r2
    bigflt0.o(.text) refers (Special) to usenofp.o(x$fpl$usenofp) for __I$use$fp
    bigflt0.o(.text) refers to aeabi_sdiv.o(.text) for __aeabi_idivmod
    bigflt0.o(.text) refers to btod.o(CL$$btod_emul) for _btod_emul
    bigflt0.o(.text) refers to btod.o(CL$$btod_ediv) for _btod_ediv
    bigflt0.o(.text) refers to bigflt0.o(.constdata) for .constdata
    bigflt0.o(.constdata) refers (Special) to usenofp.o(x$fpl$usenofp) for __I$use$fp
    btod.o(CL$$btod_d2e) refers (Special) to usenofp.o(x$fpl$usenofp) for __I$use$fp
    btod.o(CL$$btod_d2e) refers to btod.o(CL$$btod_d2e_norm_op1) for _d2e_norm_op1
    btod.o(CL$$btod_d2e_norm_op1) refers (Special) to usenofp.o(x$fpl$usenofp) for __I$use$fp
    btod.o(CL$$btod_d2e_norm_op1) refers to btod.o(CL$$btod_d2e_denorm_low) for _d2e_denorm_low
    btod.o(CL$$btod_d2e_denorm_low) refers (Special) to usenofp.o(x$fpl$usenofp) for __I$use$fp
    btod.o(CL$$btod_emul) refers (Special) to usenofp.o(x$fpl$usenofp) for __I$use$fp
    btod.o(CL$$btod_emul) refers to btod.o(CL$$btod_mult_common) for __btod_mult_common
    btod.o(CL$$btod_emul) refers to btod.o(CL$$btod_e2e) for _e2e
    btod.o(CL$$btod_ediv) refers (Special) to usenofp.o(x$fpl$usenofp) for __I$use$fp
    btod.o(CL$$btod_ediv) refers to btod.o(CL$$btod_div_common) for __btod_div_common
    btod.o(CL$$btod_ediv) refers to btod.o(CL$$btod_e2e) for _e2e
    btod.o(CL$$btod_emuld) refers (Special) to usenofp.o(x$fpl$usenofp) for __I$use$fp
    btod.o(CL$$btod_emuld) refers to btod.o(CL$$btod_mult_common) for __btod_mult_common
    btod.o(CL$$btod_emuld) refers to btod.o(CL$$btod_e2d) for _e2d
    btod.o(CL$$btod_edivd) refers (Special) to usenofp.o(x$fpl$usenofp) for __I$use$fp
    btod.o(CL$$btod_edivd) refers to btod.o(CL$$btod_div_common) for __btod_div_common
    btod.o(CL$$btod_edivd) refers to btod.o(CL$$btod_e2d) for _e2d
    btod.o(CL$$btod_e2e) refers (Special) to usenofp.o(x$fpl$usenofp) for __I$use$fp
    btod.o(CL$$btod_e2d) refers (Special) to usenofp.o(x$fpl$usenofp) for __I$use$fp
    btod.o(CL$$btod_e2d) refers to btod.o(CL$$btod_e2e) for _e2e
    btod.o(CL$$btod_mult_common) refers (Special) to usenofp.o(x$fpl$usenofp) for __I$use$fp
    btod.o(CL$$btod_div_common) refers (Special) to usenofp.o(x$fpl$usenofp) for __I$use$fp
    lc_numeric_c.o(locale$$data) refers (Special) to libinit2.o(.ARM.Collect$$libinit$$00000016) for __rt_lib_init_lc_numeric_2
    lc_numeric_c.o(locale$$code) refers (Special) to libinit2.o(.ARM.Collect$$libinit$$00000016) for __rt_lib_init_lc_numeric_2
    lc_numeric_c.o(locale$$code) refers to strcmp.o(.text) for strcmp
    lc_numeric_c.o(locale$$code) refers to lc_numeric_c.o(locale$$data) for __lcnum_c_name
    istatus.o(x$fpl$ieeestatus) refers (Special) to usenofp.o(x$fpl$usenofp) for __I$use$fp
    fpclassify.o(i.__ARM_fpclassify) refers (Special) to usenofp.o(x$fpl$usenofp) for __I$use$fp
    libspace.o(.text) refers to libspace.o(.bss) for __libspace_start
    sys_stackheap_outer.o(.text) refers to libspace.o(.text) for __user_perproc_libspace
    sys_stackheap_outer.o(.text) refers to startup.o(.text) for __user_initial_stackheap
    __printf_nopercent.o(.text) refers to __printf_nopercent.o(i.__ARM_common_call_via_r7) for __ARM_common_call_via_r7
    __printf_nopercent.o(.text) refers to __printf_nopercent.o(i.__ARM_common_call_via_r5) for __ARM_common_call_via_r5
    exit.o(.text) refers to rtexit.o(.ARM.Collect$$rtexit$$00000000) for __rt_exit
    defsig_fpe_outer.o(.text) refers to defsig_fpe_inner.o(.text) for __rt_SIGFPE_inner
    defsig_fpe_outer.o(.text) refers to defsig_exit.o(.text) for __sig_exit
    defsig_fpe_formal.o(.text) refers to rt_raise.o(.text) for __rt_raise
    libinit.o(.ARM.Collect$$libinit$$00000000) refers (Special) to libinit2.o(.ARM.Collect$$libinit$$0000002E) for __rt_lib_init_alloca_1
    libinit.o(.ARM.Collect$$libinit$$00000000) refers (Special) to libinit2.o(.ARM.Collect$$libinit$$0000002C) for __rt_lib_init_argv_1
    libinit.o(.ARM.Collect$$libinit$$00000000) refers (Special) to libinit2.o(.ARM.Collect$$libinit$$0000001B) for __rt_lib_init_atexit_1
    libinit.o(.ARM.Collect$$libinit$$00000000) refers (Special) to libinit2.o(.ARM.Collect$$libinit$$00000021) for __rt_lib_init_clock_1
    libinit.o(.ARM.Collect$$libinit$$00000000) refers (Special) to libinit2.o(.ARM.Collect$$libinit$$00000032) for __rt_lib_init_cpp_1
    libinit.o(.ARM.Collect$$libinit$$00000000) refers (Special) to libinit2.o(.ARM.Collect$$libinit$$00000030) for __rt_lib_init_exceptions_1
    libinit.o(.ARM.Collect$$libinit$$00000000) refers (Special) to libinit2.o(.ARM.Collect$$libinit$$00000002) for __rt_lib_init_fp_1
    libinit.o(.ARM.Collect$$libinit$$00000000) refers (Special) to libinit2.o(.ARM.Collect$$libinit$$0000001F) for __rt_lib_init_fp_trap_1
    libinit.o(.ARM.Collect$$libinit$$00000000) refers (Special) to libinit2.o(.ARM.Collect$$libinit$$00000023) for __rt_lib_init_getenv_1
    libinit.o(.ARM.Collect$$libinit$$00000000) refers (Special) to libinit2.o(.ARM.Collect$$libinit$$0000000A) for __rt_lib_init_heap_1
    libinit.o(.ARM.Collect$$libinit$$00000000) refers (Special) to libinit2.o(.ARM.Collect$$libinit$$00000011) for __rt_lib_init_lc_collate_1
    libinit.o(.ARM.Collect$$libinit$$00000000) refers (Special) to libinit2.o(.ARM.Collect$$libinit$$00000013) for __rt_lib_init_lc_ctype_1
    libinit.o(.ARM.Collect$$libinit$$00000000) refers (Special) to libinit2.o(.ARM.Collect$$libinit$$00000015) for __rt_lib_init_lc_monetary_1
    libinit.o(.ARM.Collect$$libinit$$00000000) refers (Special) to libinit2.o(.ARM.Collect$$libinit$$00000017) for __rt_lib_init_lc_numeric_1
    libinit.o(.ARM.Collect$$libinit$$00000000) refers (Special) to libinit2.o(.ARM.Collect$$libinit$$00000019) for __rt_lib_init_lc_time_1
    libinit.o(.ARM.Collect$$libinit$$00000000) refers (Special) to libinit2.o(.ARM.Collect$$libinit$$00000004) for __rt_lib_init_preinit_1
    libinit.o(.ARM.Collect$$libinit$$00000000) refers (Special) to libinit2.o(.ARM.Collect$$libinit$$0000000E) for __rt_lib_init_rand_1
    libinit.o(.ARM.Collect$$libinit$$00000000) refers (Special) to libinit2.o(.ARM.Collect$$libinit$$00000033) for __rt_lib_init_return
    libinit.o(.ARM.Collect$$libinit$$00000000) refers (Special) to libinit2.o(.ARM.Collect$$libinit$$0000001D) for __rt_lib_init_signal_1
    libinit.o(.ARM.Collect$$libinit$$00000000) refers (Special) to libinit2.o(.ARM.Collect$$libinit$$00000025) for __rt_lib_init_stdio_1
    libinit.o(.ARM.Collect$$libinit$$00000000) refers (Special) to libinit2.o(.ARM.Collect$$libinit$$0000000C) for __rt_lib_init_user_alloc_1
    libinit2.o(.ARM.Collect$$libinit$$00000001) refers to fpinit.o(x$fpl$fpinit) for _fp_init
    libinit2.o(.ARM.Collect$$libinit$$0000000F) refers (Weak) to rt_locale_intlibspace.o(.text) for __rt_locale
    libinit2.o(.ARM.Collect$$libinit$$00000010) refers to libinit2.o(.ARM.Collect$$libinit$$0000000F) for .ARM.Collect$$libinit$$0000000F
    libinit2.o(.ARM.Collect$$libinit$$00000012) refers to libinit2.o(.ARM.Collect$$libinit$$0000000F) for .ARM.Collect$$libinit$$0000000F
    libinit2.o(.ARM.Collect$$libinit$$00000014) refers to libinit2.o(.ARM.Collect$$libinit$$0000000F) for .ARM.Collect$$libinit$$0000000F
    libinit2.o(.ARM.Collect$$libinit$$00000016) refers to libinit2.o(.ARM.Collect$$libinit$$0000000F) for .ARM.Collect$$libinit$$0000000F
    libinit2.o(.ARM.Collect$$libinit$$00000016) refers (Weak) to lc_numeric_c.o(locale$$code) for _get_lc_numeric
    libinit2.o(.ARM.Collect$$libinit$$00000018) refers to libinit2.o(.ARM.Collect$$libinit$$0000000F) for .ARM.Collect$$libinit$$0000000F
    libinit2.o(.ARM.Collect$$libinit$$00000026) refers to argv_veneer.o(.emb_text) for __ARM_argv_veneer
    libinit2.o(.ARM.Collect$$libinit$$00000027) refers to argv_veneer.o(.emb_text) for __ARM_argv_veneer
    rtexit.o(.ARM.Collect$$rtexit$$00000000) refers (Special) to rtexit2.o(.ARM.Collect$$rtexit$$00000004) for __rt_exit_exit
    rtexit.o(.ARM.Collect$$rtexit$$00000000) refers (Special) to rtexit2.o(.ARM.Collect$$rtexit$$00000003) for __rt_exit_ls
    rtexit.o(.ARM.Collect$$rtexit$$00000000) refers (Special) to rtexit2.o(.ARM.Collect$$rtexit$$00000002) for __rt_exit_prels_1
    rtexit.o(.ARM.exidx) refers (Special) to rtexit2.o(.ARM.Collect$$rtexit$$00000004) for __rt_exit_exit
    rtexit.o(.ARM.exidx) refers (Special) to rtexit2.o(.ARM.Collect$$rtexit$$00000003) for __rt_exit_ls
    rtexit.o(.ARM.exidx) refers (Special) to rtexit2.o(.ARM.Collect$$rtexit$$00000002) for __rt_exit_prels_1
    rtexit.o(.ARM.exidx) refers to rtexit.o(.ARM.Collect$$rtexit$$00000000) for .ARM.Collect$$rtexit$$00000000
    rt_raise.o(.text) refers to __raise.o(.text) for __raise
    rt_raise.o(.text) refers to retarget.o(i._sys_exit) for _sys_exit
    defsig_exit.o(.text) refers to retarget.o(i._sys_exit) for _sys_exit
    defsig_fpe_inner.o(.text) refers to defsig_general.o(.text) for __default_signal_display
    argv_veneer.o(.emb_text) refers to no_argv.o(.text) for __ARM_get_argv
    rtexit2.o(.ARM.Collect$$rtexit$$00000003) refers to libshutdown.o(.ARM.Collect$$libshutdown$$00000000) for __rt_lib_shutdown
    rtexit2.o(.ARM.Collect$$rtexit$$00000004) refers to retarget.o(i._sys_exit) for _sys_exit
    rtexit2.o(.ARM.exidx) refers to rtexit2.o(.ARM.Collect$$rtexit$$00000001) for .ARM.Collect$$rtexit$$00000001
    rtexit2.o(.ARM.exidx) refers to rtexit2.o(.ARM.Collect$$rtexit$$00000003) for .ARM.Collect$$rtexit$$00000003
    rtexit2.o(.ARM.exidx) refers to rtexit2.o(.ARM.Collect$$rtexit$$00000004) for .ARM.Collect$$rtexit$$00000004
    __raise.o(.text) refers to __printf.o(i.__ARM_common_call_via_r2) for __ARM_common_call_via_r2
    __raise.o(.text) refers to defsig.o(CL$$defsig) for __default_signal_handler
    defsig_general.o(.text) refers to retarget.o(i._ttywrch) for _ttywrch
    _get_argv_nomalloc.o(.text) refers (Special) to hrguard.o(.text) for __heap_region$guard
    _get_argv_nomalloc.o(.text) refers to defsig_rtmem_outer.o(.text) for __rt_SIGRTMEM
    _get_argv_nomalloc.o(.text) refers to sys_command.o(.text) for _sys_command_string
    sys_command.o(.text) refers (Special) to use_no_semi.o(.text) for __I$use$semihosting
    sys_command.o(.text) refers (Special) to indicate_semi.o(.text) for __semihosting_library_function
    defsig_rtmem_outer.o(.text) refers to defsig_rtmem_inner.o(.text) for __rt_SIGRTMEM_inner
    defsig_rtmem_outer.o(.text) refers to defsig_exit.o(.text) for __sig_exit
    defsig_rtmem_formal.o(.text) refers to rt_raise.o(.text) for __rt_raise
    defsig.o(CL$$defsig) refers to defsig_fpe_inner.o(.text) for __rt_SIGFPE_inner
    defsig.o(CL$$defsig) refers to defsig_rtmem_inner.o(.text) for __rt_SIGRTMEM_inner
    libshutdown.o(.ARM.Collect$$libshutdown$$00000000) refers (Special) to libshutdown2.o(.ARM.Collect$$libshutdown$$00000002) for __rt_lib_shutdown_cpp_1
    libshutdown.o(.ARM.Collect$$libshutdown$$00000000) refers (Special) to libshutdown2.o(.ARM.Collect$$libshutdown$$00000007) for __rt_lib_shutdown_fp_trap_1
    libshutdown.o(.ARM.Collect$$libshutdown$$00000000) refers (Special) to libshutdown2.o(.ARM.Collect$$libshutdown$$0000000F) for __rt_lib_shutdown_heap_1
    libshutdown.o(.ARM.Collect$$libshutdown$$00000000) refers (Special) to libshutdown2.o(.ARM.Collect$$libshutdown$$00000010) for __rt_lib_shutdown_return
    libshutdown.o(.ARM.Collect$$libshutdown$$00000000) refers (Special) to libshutdown2.o(.ARM.Collect$$libshutdown$$0000000A) for __rt_lib_shutdown_signal_1
    libshutdown.o(.ARM.Collect$$libshutdown$$00000000) refers (Special) to libshutdown2.o(.ARM.Collect$$libshutdown$$00000004) for __rt_lib_shutdown_stdio_1
    libshutdown.o(.ARM.Collect$$libshutdown$$00000000) refers (Special) to libshutdown2.o(.ARM.Collect$$libshutdown$$0000000C) for __rt_lib_shutdown_user_alloc_1
    defsig_abrt_inner.o(.text) refers to defsig_general.o(.text) for __default_signal_display
    defsig_rtred_inner.o(.text) refers to defsig_general.o(.text) for __default_signal_display
    defsig_rtmem_inner.o(.text) refers to defsig_general.o(.text) for __default_signal_display
    defsig_stak_inner.o(.text) refers to defsig_general.o(.text) for __default_signal_display
    defsig_pvfn_inner.o(.text) refers to defsig_general.o(.text) for __default_signal_display
    defsig_cppl_inner.o(.text) refers to defsig_general.o(.text) for __default_signal_display
    defsig_segv_inner.o(.text) refers to defsig_general.o(.text) for __default_signal_display
    defsig_other.o(.text) refers to defsig_general.o(.text) for __default_signal_display


==============================================================================

Removing Unused input sections from the image.

    Removing main.o(i.blink_led), (4 bytes).
    Removing main.o(.data), (8 bytes).
    Removing retarget.o(i._ttywrch), (24 bytes).
    Removing timer.o(i.delayMS), (60 bytes).
    Removing uart0.o(i.U0Read), (40 bytes).
    Removing sonar.o(i.fiqint), (140 bytes).
    Removing sonar.o(i.read_distance_sonar), (224 bytes).
    Removing sonar.o(i.timer_capture_init), (132 bytes).
    Removing sonar.o(i.toggle), (52 bytes).
    Removing sonar.o(.data), (36 bytes).

10 unused section(s) (total 720 bytes) removed from the image.

==============================================================================

Adding Veneers to the image

    Adding TA veneer (4 bytes, Inline) for call to '_printf_percent' from __printf.o(.text).
    Adding AT veneer (8 bytes, Inline) for call to '__rt_lib_init' from __rtentry2.o(.ARM.Collect$$rtentry$$0000000A).
    Adding AT veneer (8 bytes, Inline) for call to '__rt_lib_shutdown' from rtexit2.o(.ARM.Collect$$rtexit$$00000003).
    Adding TA veneer (4 bytes, Inline) for call to '__rt_exit' from exit.o(.text).
    Adding AT veneer (8 bytes, Inline) for call to '__2printf' from i2c_communication.o(i.LidarRead_8bits).
    Adding AT veneer (8 bytes, Inline) for call to '_printf_int_dec' from _printf_d.o(.ARM.Collect$$_printf_percent$$00000009).
    Adding TA veneer (4 bytes, Inline) for call to '__aeabi_idivmod' from bigflt0.o(.text).
    Adding TA veneer (4 bytes, Inline) for call to '__rt_udiv10' from _printf_dec.o(.text).
    Adding TA veneer (4 bytes, Inline) for call to '__rt_locale' from libinit2.o(.ARM.Collect$$libinit$$0000000F).
    Adding TA veneer (4 bytes, Inline) for call to '_ll_udiv10' from _printf_fp_dec.o(.text).
    Adding TA veneer (4 bytes, Inline) for call to '_btod_d2e' from _printf_fp_dec.o(.text).
    Adding TA veneer (4 bytes, Inline) for call to '_btod_ediv' from _printf_fp_dec.o(.text).
    Adding TA veneer (4 bytes, Inline) for call to '_btod_emul' from _printf_fp_dec.o(.text).
    Adding AT veneer (12 bytes, Long) for call to '_printf_fp_dec_real' from printf1.o(x$fpl$printf1).
    Adding TA veneer (4 bytes, Inline) for call to '__ARM_fpclassify' from _printf_fp_dec.o(.text).
    Adding TA veneer (4 bytes, Inline) for call to 'ferror' from _printf_char_file.o(.text).
    Adding TA veneer (4 bytes, Inline) for call to '_get_lc_numeric' from libinit2.o(.ARM.Collect$$libinit$$00000016).
    Adding TA veneer (4 bytes, Inline) for call to '__ieee_status' from _printf_fp_dec.o(.text).

18 Veneer(s) (total 96 bytes) added to the image.

==============================================================================

Image Symbol Table

    Local Symbols

    Symbol Name                              Value     Ov Type        Size  Object(Section)

    RESET                                    0x00000000   Section      272  startup.o(RESET)
    ../clib/angel/boardlib.s                 0x00000000   Number         0  boardinit1.o ABSOLUTE
    ../clib/angel/boardlib.s                 0x00000000   Number         0  boardinit2.o ABSOLUTE
    ../clib/angel/boardlib.s                 0x00000000   Number         0  boardshut.o ABSOLUTE
    ../clib/angel/boardlib.s                 0x00000000   Number         0  boardinit3.o ABSOLUTE
    ../clib/angel/handlers.s                 0x00000000   Number         0  __scatter_zi.o ABSOLUTE
    ../clib/angel/handlers.s                 0x00000000   Number         0  __scatter_copy.o ABSOLUTE
    ../clib/angel/kernel.s                   0x00000000   Number         0  __rtentry4.o ABSOLUTE
    ../clib/angel/kernel.s                   0x00000000   Number         0  __rtentry2.o ABSOLUTE
    ../clib/angel/kernel.s                   0x00000000   Number         0  __rtentry.o ABSOLUTE
    ../clib/angel/kernel.s                   0x00000000   Number         0  rtexit2.o ABSOLUTE
    ../clib/angel/kernel.s                   0x00000000   Number         0  rtexit.o ABSOLUTE
    ../clib/angel/rt.s                       0x00000000   Number         0  aeabi_idiv0.o ABSOLUTE
    ../clib/angel/rt.s                       0x00000000   Number         0  rt_div0.o ABSOLUTE
    ../clib/angel/rt.s                       0x00000000   Number         0  aeabi_idiv0_sigfpe.o ABSOLUTE
    ../clib/angel/rt.s                       0x00000000   Number         0  rt_raise.o ABSOLUTE
    ../clib/angel/rt.s                       0x00000000   Number         0  rt_locale.o ABSOLUTE
    ../clib/angel/rt.s                       0x00000000   Number         0  rt_locale_intlibspace.o ABSOLUTE
    ../clib/angel/scatter.s                  0x00000000   Number         0  __scatter.o ABSOLUTE
    ../clib/angel/startup.s                  0x00000000   Number         0  __main.o ABSOLUTE
    ../clib/angel/sys.s                      0x00000000   Number         0  use_no_semi.o ABSOLUTE
    ../clib/angel/sys.s                      0x00000000   Number         0  libspace.o ABSOLUTE
    ../clib/angel/sys.s                      0x00000000   Number         0  indicate_semi.o ABSOLUTE
    ../clib/angel/sys.s                      0x00000000   Number         0  sys_stackheap_outer.o ABSOLUTE
    ../clib/angel/sysapp.c                   0x00000000   Number         0  sys_command.o ABSOLUTE
    ../clib/armsys.c                         0x00000000   Number         0  argv_veneer.o ABSOLUTE
    ../clib/armsys.c                         0x00000000   Number         0  no_argv.o ABSOLUTE
    ../clib/armsys.c                         0x00000000   Number         0  argv_veneer.o ABSOLUTE
    ../clib/armsys.c                         0x00000000   Number         0  _get_argv_nomalloc.o ABSOLUTE
    ../clib/bigflt.c                         0x00000000   Number         0  bigflt0.o ABSOLUTE
    ../clib/btod.s                           0x00000000   Number         0  btod.o ABSOLUTE
    ../clib/division.s                       0x00000000   Number         0  aeabi_sdiv.o ABSOLUTE
    ../clib/division.s                       0x00000000   Number         0  aeabi_sdiv_div0.o ABSOLUTE
    ../clib/division.s                       0x00000000   Number         0  rtudiv10.o ABSOLUTE
    ../clib/divrt.s                          0x00000000   Number         0  divrt_7tdmi_div0.o ABSOLUTE
    ../clib/divrt.s                          0x00000000   Number         0  divrt_7tdmi.o ABSOLUTE
    ../clib/heapalloc.c                      0x00000000   Number         0  hrguard.o ABSOLUTE
    ../clib/heapaux.c                        0x00000000   Number         0  heapauxi.o ABSOLUTE
    ../clib/libinit.s                        0x00000000   Number         0  libshutdown.o ABSOLUTE
    ../clib/libinit.s                        0x00000000   Number         0  libinit2.o ABSOLUTE
    ../clib/libinit.s                        0x00000000   Number         0  libshutdown2.o ABSOLUTE
    ../clib/libinit.s                        0x00000000   Number         0  libinit.o ABSOLUTE
    ../clib/locale.s                         0x00000000   Number         0  lc_numeric_c.o ABSOLUTE
    ../clib/longlong.s                       0x00000000   Number         0  lludiv10.o ABSOLUTE
    ../clib/memcpset.s                       0x00000000   Number         0  strcmp.o ABSOLUTE
    ../clib/printf.c                         0x00000000   Number         0  __printf_flags_ss_wp.o ABSOLUTE
    ../clib/printf.c                         0x00000000   Number         0  noretval__2printf.o ABSOLUTE
    ../clib/printf.c                         0x00000000   Number         0  __2printf.o ABSOLUTE
    ../clib/printf.c                         0x00000000   Number         0  __printf_flags_wp.o ABSOLUTE
    ../clib/printf.c                         0x00000000   Number         0  __printf_wp.o ABSOLUTE
    ../clib/printf.c                         0x00000000   Number         0  __printf_flags.o ABSOLUTE
    ../clib/printf.c                         0x00000000   Number         0  __printf_flags_ss.o ABSOLUTE
    ../clib/printf.c                         0x00000000   Number         0  __printf_ss.o ABSOLUTE
    ../clib/printf.c                         0x00000000   Number         0  __printf_ss_wp.o ABSOLUTE
    ../clib/printf.c                         0x00000000   Number         0  _printf_char_common.o ABSOLUTE
    ../clib/printf.c                         0x00000000   Number         0  _printf_fp_infnan.o ABSOLUTE
    ../clib/printf.c                         0x00000000   Number         0  __printf.o ABSOLUTE
    ../clib/printf.c                         0x00000000   Number         0  _printf_intcommon.o ABSOLUTE
    ../clib/printf.c                         0x00000000   Number         0  _printf_fp_dec.o ABSOLUTE
    ../clib/printf.c                         0x00000000   Number         0  _printf_char_file.o ABSOLUTE
    ../clib/printf.c                         0x00000000   Number         0  __printf_nopercent.o ABSOLUTE
    ../clib/printf.c                         0x00000000   Number         0  _printf_dec.o ABSOLUTE
    ../clib/printf_percent.s                 0x00000000   Number         0  _printf_g.o ABSOLUTE
    ../clib/printf_percent.s                 0x00000000   Number         0  _printf_percent.o ABSOLUTE
    ../clib/printf_percent.s                 0x00000000   Number         0  _printf_percent_end.o ABSOLUTE
    ../clib/printf_percent.s                 0x00000000   Number         0  _printf_d.o ABSOLUTE
    ../clib/signal.c                         0x00000000   Number         0  defsig_rtred_inner.o ABSOLUTE
    ../clib/signal.c                         0x00000000   Number         0  defsig_abrt_inner.o ABSOLUTE
    ../clib/signal.c                         0x00000000   Number         0  defsig_rtmem_formal.o ABSOLUTE
    ../clib/signal.c                         0x00000000   Number         0  defsig_general.o ABSOLUTE
    ../clib/signal.c                         0x00000000   Number         0  __raise.o ABSOLUTE
    ../clib/signal.c                         0x00000000   Number         0  defsig_rtmem_outer.o ABSOLUTE
    ../clib/signal.c                         0x00000000   Number         0  defsig_fpe_inner.o ABSOLUTE
    ../clib/signal.c                         0x00000000   Number         0  defsig_fpe_formal.o ABSOLUTE
    ../clib/signal.c                         0x00000000   Number         0  defsig_exit.o ABSOLUTE
    ../clib/signal.c                         0x00000000   Number         0  defsig_fpe_outer.o ABSOLUTE
    ../clib/signal.c                         0x00000000   Number         0  defsig_segv_inner.o ABSOLUTE
    ../clib/signal.c                         0x00000000   Number         0  defsig_other.o ABSOLUTE
    ../clib/signal.c                         0x00000000   Number         0  defsig_cppl_inner.o ABSOLUTE
    ../clib/signal.c                         0x00000000   Number         0  defsig_pvfn_inner.o ABSOLUTE
    ../clib/signal.c                         0x00000000   Number         0  defsig_stak_inner.o ABSOLUTE
    ../clib/signal.c                         0x00000000   Number         0  defsig_rtmem_inner.o ABSOLUTE
    ../clib/signal.s                         0x00000000   Number         0  defsig.o ABSOLUTE
    ../clib/stdlib.c                         0x00000000   Number         0  exit.o ABSOLUTE
    ../fplib/daddsub.s                       0x00000000   Number         0  daddsub_noclz.o ABSOLUTE
    ../fplib/ddiv.s                          0x00000000   Number         0  ddiv.o ABSOLUTE
    ../fplib/dfixu.s                         0x00000000   Number         0  dfixu.o ABSOLUTE
    ../fplib/dflt.s                          0x00000000   Number         0  dflt_noclz.o ABSOLUTE
    ../fplib/dmul.s                          0x00000000   Number         0  dmul.o ABSOLUTE
    ../fplib/dnaninf.s                       0x00000000   Number         0  dnaninf.o ABSOLUTE
    ../fplib/dretinf.s                       0x00000000   Number         0  dretinf.o ABSOLUTE
    ../fplib/fpinit.s                        0x00000000   Number         0  fpinit.o ABSOLUTE
    ../fplib/istatus.s                       0x00000000   Number         0  istatus.o ABSOLUTE
    ../fplib/printf1.s                       0x00000000   Number         0  printf1.o ABSOLUTE
    ../fplib/usenofp.s                       0x00000000   Number         0  usenofp.o ABSOLUTE
    ../mathlib/fpclassify.c                  0x00000000   Number         0  fpclassify.o ABSOLUTE
    I2C_COMMUNICATION.c                      0x00000000   Number         0  i2c_communication.o ABSOLUTE
    Retarget.c                               0x00000000   Number         0  retarget.o ABSOLUTE
    SONAR.c                                  0x00000000   Number         0  sonar.o ABSOLUTE
    Startup.s                                0x00000000   Number         0  startup.o ABSOLUTE
    TIMER.c                                  0x00000000   Number         0  timer.o ABSOLUTE
    UART0.c                                  0x00000000   Number         0  uart0.o ABSOLUTE
    dc.s                                     0x00000000   Number         0  dc.o ABSOLUTE
    lidar.c                                  0x00000000   Number         0  lidar.o ABSOLUTE
    main.c                                   0x00000000   Number         0  main.o ABSOLUTE
    Undef_Handler                            0x00000040   ARM Code       4  startup.o(RESET)
    SWI_Handler                              0x00000044   ARM Code       4  startup.o(RESET)
    PAbt_Handler                             0x00000048   ARM Code       4  startup.o(RESET)
    DAbt_Handler                             0x0000004c   ARM Code       4  startup.o(RESET)
    IRQ_Handler                              0x00000050   ARM Code       4  startup.o(RESET)
    FIQ_Handler                              0x00000054   ARM Code       4  startup.o(RESET)
    !!!main                                  0x00000110   Section        8  __main.o(!!!main)
    !!!scatter                               0x00000118   Section       60  __scatter.o(!!!scatter)
    !!handler_copy                           0x00000154   Section       40  __scatter_copy.o(!!handler_copy)
    !!handler_zi                             0x0000017c   Section       44  __scatter_zi.o(!!handler_zi)
    .ARM.Collect$$_printf_percent$$00000000  0x000001ac   Section        0  _printf_percent.o(.ARM.Collect$$_printf_percent$$00000000)
    .ARM.Collect$$_printf_percent$$00000005  0x000001ac   Section        8  _printf_g.o(.ARM.Collect$$_printf_percent$$00000005)
    .ARM.Collect$$_printf_percent$$00000009  0x000001b4   Section        8  _printf_d.o(.ARM.Collect$$_printf_percent$$00000009)
    .ARM.Collect$$_printf_percent$$00000017  0x000001bc   Section        8  _printf_percent_end.o(.ARM.Collect$$_printf_percent$$00000017)
    .ARM.Collect$$libinit$$00000000          0x000001cc   Section        2  libinit.o(.ARM.Collect$$libinit$$00000000)
    .ARM.Collect$$libinit$$00000002          0x000001ce   Section        0  libinit2.o(.ARM.Collect$$libinit$$00000002)
    .ARM.Collect$$libinit$$00000004          0x000001ce   Section        0  libinit2.o(.ARM.Collect$$libinit$$00000004)
    .ARM.Collect$$libinit$$0000000A          0x000001ce   Section        0  libinit2.o(.ARM.Collect$$libinit$$0000000A)
    .ARM.Collect$$libinit$$0000000C          0x000001ce   Section        0  libinit2.o(.ARM.Collect$$libinit$$0000000C)
    .ARM.Collect$$libinit$$0000000E          0x000001ce   Section        0  libinit2.o(.ARM.Collect$$libinit$$0000000E)
    .ARM.Collect$$libinit$$0000000F          0x000001ce   Section        6  libinit2.o(.ARM.Collect$$libinit$$0000000F)
    .ARM.Collect$$libinit$$00000011          0x000001d4   Section        0  libinit2.o(.ARM.Collect$$libinit$$00000011)
    .ARM.Collect$$libinit$$00000013          0x000001d4   Section        0  libinit2.o(.ARM.Collect$$libinit$$00000013)
    .ARM.Collect$$libinit$$00000015          0x000001d4   Section        0  libinit2.o(.ARM.Collect$$libinit$$00000015)
    .ARM.Collect$$libinit$$00000016          0x000001d4   Section       10  libinit2.o(.ARM.Collect$$libinit$$00000016)
    .ARM.Collect$$libinit$$00000017          0x000001de   Section        0  libinit2.o(.ARM.Collect$$libinit$$00000017)
    .ARM.Collect$$libinit$$00000019          0x000001de   Section        0  libinit2.o(.ARM.Collect$$libinit$$00000019)
    .ARM.Collect$$libinit$$0000001B          0x000001de   Section        0  libinit2.o(.ARM.Collect$$libinit$$0000001B)
    .ARM.Collect$$libinit$$0000001D          0x000001de   Section        0  libinit2.o(.ARM.Collect$$libinit$$0000001D)
    .ARM.Collect$$libinit$$0000001F          0x000001de   Section        0  libinit2.o(.ARM.Collect$$libinit$$0000001F)
    .ARM.Collect$$libinit$$00000021          0x000001de   Section        0  libinit2.o(.ARM.Collect$$libinit$$00000021)
    .ARM.Collect$$libinit$$00000023          0x000001de   Section        0  libinit2.o(.ARM.Collect$$libinit$$00000023)
    .ARM.Collect$$libinit$$00000025          0x000001de   Section        0  libinit2.o(.ARM.Collect$$libinit$$00000025)
    .ARM.Collect$$libinit$$0000002C          0x000001de   Section        0  libinit2.o(.ARM.Collect$$libinit$$0000002C)
    .ARM.Collect$$libinit$$0000002E          0x000001de   Section        0  libinit2.o(.ARM.Collect$$libinit$$0000002E)
    .ARM.Collect$$libinit$$00000030          0x000001de   Section        0  libinit2.o(.ARM.Collect$$libinit$$00000030)
    .ARM.Collect$$libinit$$00000032          0x000001de   Section        0  libinit2.o(.ARM.Collect$$libinit$$00000032)
    .ARM.Collect$$libinit$$00000033          0x000001de   Section       12  libinit2.o(.ARM.Collect$$libinit$$00000033)
    .ARM.Collect$$libshutdown$$00000000      0x000001f4   Section        4  libshutdown.o(.ARM.Collect$$libshutdown$$00000000)
    .ARM.Collect$$libshutdown$$00000002      0x000001f8   Section        0  libshutdown2.o(.ARM.Collect$$libshutdown$$00000002)
    .ARM.Collect$$libshutdown$$00000004      0x000001f8   Section        0  libshutdown2.o(.ARM.Collect$$libshutdown$$00000004)
    .ARM.Collect$$libshutdown$$00000007      0x000001f8   Section        0  libshutdown2.o(.ARM.Collect$$libshutdown$$00000007)
    .ARM.Collect$$libshutdown$$0000000A      0x000001f8   Section        0  libshutdown2.o(.ARM.Collect$$libshutdown$$0000000A)
    .ARM.Collect$$libshutdown$$0000000C      0x000001f8   Section        0  libshutdown2.o(.ARM.Collect$$libshutdown$$0000000C)
    .ARM.Collect$$libshutdown$$0000000F      0x000001f8   Section        0  libshutdown2.o(.ARM.Collect$$libshutdown$$0000000F)
    .ARM.Collect$$libshutdown$$00000010      0x000001f8   Section        6  libshutdown2.o(.ARM.Collect$$libshutdown$$00000010)
    .ARM.Collect$$rtentry$$00000000          0x00000200   Section        0  __rtentry.o(.ARM.Collect$$rtentry$$00000000)
    .ARM.Collect$$rtentry$$00000002          0x00000200   Section        0  __rtentry2.o(.ARM.Collect$$rtentry$$00000002)
    .ARM.Collect$$rtentry$$00000004          0x00000200   Section        8  __rtentry4.o(.ARM.Collect$$rtentry$$00000004)
    .ARM.Collect$$rtentry$$00000009          0x00000208   Section        0  __rtentry2.o(.ARM.Collect$$rtentry$$00000009)
    .ARM.Collect$$rtentry$$0000000A          0x00000208   Section        4  __rtentry2.o(.ARM.Collect$$rtentry$$0000000A)
    .ARM.Collect$$rtentry$$0000000C          0x0000020c   Section        0  __rtentry2.o(.ARM.Collect$$rtentry$$0000000C)
    .ARM.Collect$$rtentry$$0000000D          0x0000020c   Section       40  __rtentry2.o(.ARM.Collect$$rtentry$$0000000D)
    .ARM.Collect$$rtexit$$00000000           0x00000238   Section        4  rtexit.o(.ARM.Collect$$rtexit$$00000000)
    .ARM.Collect$$rtexit$$00000002           0x0000023c   Section        0  rtexit2.o(.ARM.Collect$$rtexit$$00000002)
    .ARM.Collect$$rtexit$$00000003           0x0000023c   Section        4  rtexit2.o(.ARM.Collect$$rtexit$$00000003)
    .ARM.Collect$$rtexit$$00000004           0x00000240   Section        8  rtexit2.o(.ARM.Collect$$rtexit$$00000004)
    .text                                    0x00000248   Section       32  startup.o(.text)
    .text                                    0x00000268   Section        4  use_no_semi.o(.text)
    .text                                    0x00000274   Section        0  noretval__2printf.o(.text)
    .text                                    0x00000290   Section        0  __printf.o(.text)
    .text                                    0x00000310   Section        0  _printf_dec.o(.text)
    .text                                    0x00000384   Section      384  aeabi_sdiv.o(.text)
    __arm_div8                               0x000003b0   ARM Code       0  aeabi_sdiv.o(.text)
    __arm_div5                               0x000003d4   ARM Code       0  aeabi_sdiv.o(.text)
    __arm_div2                               0x000003f8   ARM Code       0  aeabi_sdiv.o(.text)
    __arm_div_large                          0x00000434   ARM Code       0  aeabi_sdiv.o(.text)
    .text                                    0x00000504   Section        0  heapauxi.o(.text)
    .text                                    0x0000050a   Section        0  _printf_intcommon.o(.text)
    .text                                    0x000005c4   Section        0  _printf_fp_dec.o(.text)
    _fp_digits                               0x000005c7   Thumb Code   414  _printf_fp_dec.o(.text)
    .text                                    0x000009e4   Section        0  _printf_char_file.o(.text)
    .text                                    0x00000a14   Section       44  rtudiv10.o(.text)
    .text                                    0x00000a44   Section       12  rt_locale_intlibspace.o(.text)
    .text                                    0x00000a54   Section      160  lludiv10.o(.text)
    .text                                    0x00000af4   Section        0  _printf_char_common.o(.text)
    _printf_input_char                       0x00000af5   Thumb Code    10  _printf_char_common.o(.text)
    .text                                    0x00000b24   Section        0  _printf_fp_infnan.o(.text)
    .text                                    0x00000bb4   Section        0  bigflt0.o(.text)
    .text                                    0x00000c90   Section       12  libspace.o(.text)
    .text                                    0x00000c9c   Section       96  sys_stackheap_outer.o(.text)
    .text                                    0x00000cfc   Section        0  exit.o(.text)
    .text                                    0x00000d10   Section      244  strcmp.o(.text)
    CL$$btod_d2e                             0x00000e08   Section       56  btod.o(CL$$btod_d2e)
    CL$$btod_d2e_denorm_low                  0x00000e40   Section       84  btod.o(CL$$btod_d2e_denorm_low)
    CL$$btod_d2e_norm_op1                    0x00000e94   Section      104  btod.o(CL$$btod_d2e_norm_op1)
    CL$$btod_div_common                      0x00000efc   Section      844  btod.o(CL$$btod_div_common)
    CL$$btod_e2e                             0x00001248   Section      244  btod.o(CL$$btod_e2e)
    CL$$btod_ediv                            0x00001340   Section       56  btod.o(CL$$btod_ediv)
    CL$$btod_emul                            0x0000137c   Section       56  btod.o(CL$$btod_emul)
    CL$$btod_mult_common                     0x000013b4   Section      616  btod.o(CL$$btod_mult_common)
    i.I2C_init                               0x00001628   Section        0  i2c_communication.o(i.I2C_init)
    i.LidarRead_8bits                        0x000016a0   Section        0  i2c_communication.o(i.LidarRead_8bits)
    i.LidarWrite_8bits                       0x00001818   Section        0  i2c_communication.o(i.LidarWrite_8bits)
    i.Lidar_config                           0x000018f8   Section        0  lidar.o(i.Lidar_config)
    i.Lidar_start_condition                  0x00001a98   Section        0  i2c_communication.o(i.Lidar_start_condition)
    i.Lidar_stop_condition                   0x00001b3c   Section        0  i2c_communication.o(i.Lidar_stop_condition)
    i.T0isr                                  0x00001b58   Section        0  timer.o(i.T0isr)
    i.U0Write                                0x00001bdc   Section        0  uart0.o(i.U0Write)
    i.__ARM_common_call_via_r1               0x00001c04   Section        0  __printf.o(i.__ARM_common_call_via_r1)
    i.__ARM_common_call_via_r2               0x00001c06   Section        0  __printf.o(i.__ARM_common_call_via_r2)
    i.__ARM_fpclassify                       0x00001c0c   Section        0  fpclassify.o(i.__ARM_fpclassify)
    i._sys_exit                              0x00001c3c   Section        0  retarget.o(i._sys_exit)
    i.delay_ms                               0x00001c40   Section        0  main.o(i.delay_ms)
    i.ferror                                 0x00001c78   Section        0  retarget.o(i.ferror)
    i.fputc                                  0x00001c84   Section        0  retarget.o(i.fputc)
    i.initTimer                              0x00001ca0   Section        0  timer.o(i.initTimer)
    i.initUART0                              0x00001d10   Section        0  uart0.o(i.initUART0)
    i.main                                   0x00001d64   Section        0  main.o(i.main)
    i.read_distance                          0x00001fa4   Section        0  lidar.o(i.read_distance)
    i.servo_init                             0x0000202c   Section        0  main.o(i.servo_init)
    i.servo_set_position_x                   0x000020d8   Section        0  main.o(i.servo_set_position_x)
    i.servo_set_position_y                   0x000020f4   Section        0  main.o(i.servo_set_position_y)
    i.setup_function                         0x00002110   Section        0  main.o(i.setup_function)
    i.wait_for_response                      0x00002128   Section        0  i2c_communication.o(i.wait_for_response)
    locale$$code                             0x00002178   Section       80  lc_numeric_c.o(locale$$code)
    x$fpl$dadd                               0x000021c8   Section      340  daddsub_noclz.o(x$fpl$dadd)
    _dadd1                                   0x000021d8   ARM Code       0  daddsub_noclz.o(x$fpl$dadd)
    x$fpl$dnaninf                            0x0000231c   Section      192  dnaninf.o(x$fpl$dnaninf)
    x$fpl$dretinf                            0x000023dc   Section       16  dretinf.o(x$fpl$dretinf)
    x$fpl$dsub                               0x000023ec   Section      580  daddsub_noclz.o(x$fpl$dsub)
    _dsub1                                   0x000023fc   ARM Code       0  daddsub_noclz.o(x$fpl$dsub)
    x$fpl$ieeestatus                         0x00002634   Section        8  istatus.o(x$fpl$ieeestatus)
    x$fpl$printf1                            0x0000263c   Section        4  printf1.o(x$fpl$printf1)
    .constdata                               0x00002640   Section      148  bigflt0.o(.constdata)
    x$fpl$usenofp                            0x00002640   Section        0  usenofp.o(x$fpl$usenofp)
    tenpwrs_x                                0x00002640   Data          60  bigflt0.o(.constdata)
    tenpwrs_i                                0x0000267c   Data          64  bigflt0.o(.constdata)
    locale$$data                             0x000026f4   Section       28  lc_numeric_c.o(locale$$data)
    __lcnum_c_name                           0x000026f8   Data           2  lc_numeric_c.o(locale$$data)
    __lcnum_c_start                          0x00002700   Data           0  lc_numeric_c.o(locale$$data)
    __lcnum_c_point                          0x0000270c   Data           0  lc_numeric_c.o(locale$$data)
    __lcnum_c_thousands                      0x0000270e   Data           0  lc_numeric_c.o(locale$$data)
    __lcnum_c_grouping                       0x0000270f   Data           0  lc_numeric_c.o(locale$$data)
    __lcnum_c_end                            0x00002710   Data           0  lc_numeric_c.o(locale$$data)
    .data                                    0x40000000   Section       12  retarget.o(.data)
    .data                                    0x4000000c   Section        8  timer.o(.data)
    state                                    0x4000000c   Data           4  timer.o(.data)
    .bss                                     0x40000014   Section       96  libspace.o(.bss)
    HEAP                                     0x40000078   Section        0  startup.o(HEAP)
    STACK                                    0x40000078   Section     1160  startup.o(STACK)
    Heap_Mem                                 0x40000078   Data           0  startup.o(HEAP)
    Stack_Mem                                0x40000078   Data        1024  startup.o(STACK)
    Stack_Top                                0x40000500   Data           0  startup.o(STACK)

    Global Symbols

    Symbol Name                              Value     Ov Type        Size  Object(Section)

    BuildAttributes$$THM_ISAv1$ARM_ISAv4$S$PE$A:L22$X:L11$S22$IEEE1$IW$USESV6$~STKCKD$USESV7$~SHL$OTIME$ROPI$IEEEJ$EBA8$UX$STANDARDLIB$REQ8$PRES8$EABIv2 0x00000000   Number         0  anon$$obj.o ABSOLUTE
    __ARM_use_no_argv                        0x00000000   Number         0  main.o ABSOLUTE
    __ARM_exceptions_init                     - Undefined Weak Reference
    __alloca_initialize                       - Undefined Weak Reference
    __arm_preinit_                            - Undefined Weak Reference
    __cpp_initialize__aeabi_                  - Undefined Weak Reference
    __cxa_finalize                            - Undefined Weak Reference
    __sigvec_lookup                           - Undefined Weak Reference
    _atexit_init                              - Undefined Weak Reference
    _call_atexit_fns                          - Undefined Weak Reference
    _clock_init                               - Undefined Weak Reference
    _fp_trap_init                             - Undefined Weak Reference
    _fp_trap_shutdown                         - Undefined Weak Reference
    _get_lc_collate                           - Undefined Weak Reference
    _get_lc_ctype                             - Undefined Weak Reference
    _get_lc_monetary                          - Undefined Weak Reference
    _get_lc_time                              - Undefined Weak Reference
    _getenv_init                              - Undefined Weak Reference
    _handle_redirection                       - Undefined Weak Reference
    _init_alloc                               - Undefined Weak Reference
    _init_user_alloc                          - Undefined Weak Reference
    _initio                                   - Undefined Weak Reference
    _printf_post_padding                      - Undefined Weak Reference
    _printf_pre_padding                       - Undefined Weak Reference
    _printf_truncate_signed                   - Undefined Weak Reference
    _printf_truncate_unsigned                 - Undefined Weak Reference
    _rand_init                                - Undefined Weak Reference
    _signal_finish                            - Undefined Weak Reference
    _signal_init                              - Undefined Weak Reference
    _terminate_alloc                          - Undefined Weak Reference
    _terminate_user_alloc                     - Undefined Weak Reference
    _terminateio                              - Undefined Weak Reference
    Reset_Handler                            0x00000058   ARM Code       0  startup.o(RESET)
    __main                                   0x00000110   ARM Code       8  __main.o(!!!main)
    __scatterload                            0x00000118   ARM Code       0  __scatter.o(!!!scatter)
    __scatterload_rt2                        0x00000118   ARM Code      52  __scatter.o(!!!scatter)
    __scatterload_null                       0x0000012c   ARM Code       0  __scatter.o(!!!scatter)
    __scatterload_copy                       0x00000154   ARM Code      40  __scatter_copy.o(!!handler_copy)
    __scatterload_zeroinit                   0x0000017c   ARM Code      44  __scatter_zi.o(!!handler_zi)
    Inline Thumb to ARM Veneer to _printf_percent 0x000001a9   Thumb Code     4  _printf_percent.o(.ARM.Collect$$_printf_percent$$00000000)
    _printf_g                                0x000001ac   ARM Code       0  _printf_g.o(.ARM.Collect$$_printf_percent$$00000005)
    _printf_percent                          0x000001ac   ARM Code       0  _printf_percent.o(.ARM.Collect$$_printf_percent$$00000000)
    _printf_d                                0x000001b4   ARM Code       0  _printf_d.o(.ARM.Collect$$_printf_percent$$00000009)
    _printf_percent_end                      0x000001bc   ARM Code       0  _printf_percent_end.o(.ARM.Collect$$_printf_percent$$00000017)
    Inline ARM to Thumb Veneer to __rt_lib_init 0x000001c4   ARM Code       8  libinit.o(.ARM.Collect$$libinit$$00000000)
    __rt_lib_init                            0x000001cd   Thumb Code     0  libinit.o(.ARM.Collect$$libinit$$00000000)
    __rt_lib_init_fp_1                       0x000001cf   Thumb Code     0  libinit2.o(.ARM.Collect$$libinit$$00000002)
    __rt_lib_init_heap_1                     0x000001cf   Thumb Code     0  libinit2.o(.ARM.Collect$$libinit$$0000000A)
    __rt_lib_init_lc_common                  0x000001cf   Thumb Code     0  libinit2.o(.ARM.Collect$$libinit$$0000000F)
    __rt_lib_init_preinit_1                  0x000001cf   Thumb Code     0  libinit2.o(.ARM.Collect$$libinit$$00000004)
    __rt_lib_init_rand_1                     0x000001cf   Thumb Code     0  libinit2.o(.ARM.Collect$$libinit$$0000000E)
    __rt_lib_init_user_alloc_1               0x000001cf   Thumb Code     0  libinit2.o(.ARM.Collect$$libinit$$0000000C)
    __rt_lib_init_lc_collate_1               0x000001d5   Thumb Code     0  libinit2.o(.ARM.Collect$$libinit$$00000011)
    __rt_lib_init_lc_ctype_1                 0x000001d5   Thumb Code     0  libinit2.o(.ARM.Collect$$libinit$$00000013)
    __rt_lib_init_lc_monetary_1              0x000001d5   Thumb Code     0  libinit2.o(.ARM.Collect$$libinit$$00000015)
    __rt_lib_init_lc_numeric_2               0x000001d5   Thumb Code     0  libinit2.o(.ARM.Collect$$libinit$$00000016)
    __rt_lib_init_alloca_1                   0x000001df   Thumb Code     0  libinit2.o(.ARM.Collect$$libinit$$0000002E)
    __rt_lib_init_argv_1                     0x000001df   Thumb Code     0  libinit2.o(.ARM.Collect$$libinit$$0000002C)
    __rt_lib_init_atexit_1                   0x000001df   Thumb Code     0  libinit2.o(.ARM.Collect$$libinit$$0000001B)
    __rt_lib_init_clock_1                    0x000001df   Thumb Code     0  libinit2.o(.ARM.Collect$$libinit$$00000021)
    __rt_lib_init_cpp_1                      0x000001df   Thumb Code     0  libinit2.o(.ARM.Collect$$libinit$$00000032)
    __rt_lib_init_exceptions_1               0x000001df   Thumb Code     0  libinit2.o(.ARM.Collect$$libinit$$00000030)
    __rt_lib_init_fp_trap_1                  0x000001df   Thumb Code     0  libinit2.o(.ARM.Collect$$libinit$$0000001F)
    __rt_lib_init_getenv_1                   0x000001df   Thumb Code     0  libinit2.o(.ARM.Collect$$libinit$$00000023)
    __rt_lib_init_lc_numeric_1               0x000001df   Thumb Code     0  libinit2.o(.ARM.Collect$$libinit$$00000017)
    __rt_lib_init_lc_time_1                  0x000001df   Thumb Code     0  libinit2.o(.ARM.Collect$$libinit$$00000019)
    __rt_lib_init_return                     0x000001df   Thumb Code     0  libinit2.o(.ARM.Collect$$libinit$$00000033)
    __rt_lib_init_signal_1                   0x000001df   Thumb Code     0  libinit2.o(.ARM.Collect$$libinit$$0000001D)
    __rt_lib_init_stdio_1                    0x000001df   Thumb Code     0  libinit2.o(.ARM.Collect$$libinit$$00000025)
    Inline ARM to Thumb Veneer to __rt_lib_shutdown 0x000001ec   ARM Code       8  libshutdown.o(.ARM.Collect$$libshutdown$$00000000)
    __rt_lib_shutdown                        0x000001f5   Thumb Code     0  libshutdown.o(.ARM.Collect$$libshutdown$$00000000)
    __rt_lib_shutdown_cpp_1                  0x000001f9   Thumb Code     0  libshutdown2.o(.ARM.Collect$$libshutdown$$00000002)
    __rt_lib_shutdown_fp_trap_1              0x000001f9   Thumb Code     0  libshutdown2.o(.ARM.Collect$$libshutdown$$00000007)
    __rt_lib_shutdown_heap_1                 0x000001f9   Thumb Code     0  libshutdown2.o(.ARM.Collect$$libshutdown$$0000000F)
    __rt_lib_shutdown_return                 0x000001f9   Thumb Code     0  libshutdown2.o(.ARM.Collect$$libshutdown$$00000010)
    __rt_lib_shutdown_signal_1               0x000001f9   Thumb Code     0  libshutdown2.o(.ARM.Collect$$libshutdown$$0000000A)
    __rt_lib_shutdown_stdio_1                0x000001f9   Thumb Code     0  libshutdown2.o(.ARM.Collect$$libshutdown$$00000004)
    __rt_lib_shutdown_user_alloc_1           0x000001f9   Thumb Code     0  libshutdown2.o(.ARM.Collect$$libshutdown$$0000000C)
    __rt_entry                               0x00000200   ARM Code       0  __rtentry.o(.ARM.Collect$$rtentry$$00000000)
    __rt_entry_presh_1                       0x00000200   ARM Code       0  __rtentry2.o(.ARM.Collect$$rtentry$$00000002)
    __rt_entry_sh                            0x00000200   ARM Code       0  __rtentry4.o(.ARM.Collect$$rtentry$$00000004)
    __rt_entry_li                            0x00000208   ARM Code       0  __rtentry2.o(.ARM.Collect$$rtentry$$0000000A)
    __rt_entry_postsh_1                      0x00000208   ARM Code       0  __rtentry2.o(.ARM.Collect$$rtentry$$00000009)
    __rt_entry_main                          0x0000020c   ARM Code       0  __rtentry2.o(.ARM.Collect$$rtentry$$0000000D)
    __rt_entry_postli_1                      0x0000020c   ARM Code       0  __rtentry2.o(.ARM.Collect$$rtentry$$0000000C)
    Inline Thumb to ARM Veneer to __rt_exit  0x00000235   Thumb Code     4  rtexit.o(.ARM.Collect$$rtexit$$00000000)
    __rt_exit                                0x00000238   ARM Code       0  rtexit.o(.ARM.Collect$$rtexit$$00000000)
    __rt_exit_ls                             0x0000023c   ARM Code       0  rtexit2.o(.ARM.Collect$$rtexit$$00000003)
    __rt_exit_prels_1                        0x0000023c   ARM Code       0  rtexit2.o(.ARM.Collect$$rtexit$$00000002)
    __rt_exit_exit                           0x00000240   ARM Code       0  rtexit2.o(.ARM.Collect$$rtexit$$00000004)
    __user_initial_stackheap                 0x00000248   ARM Code       0  startup.o(.text)
    __I$use$semihosting                      0x00000268   ARM Code       0  use_no_semi.o(.text)
    __use_no_semihosting_swi                 0x00000268   ARM Code       4  use_no_semi.o(.text)
    Inline ARM to Thumb Veneer to __2printf  0x0000026c   ARM Code       8  noretval__2printf.o(.text)
    __2printf                                0x00000275   Thumb Code    22  noretval__2printf.o(.text)
    __printf                                 0x00000291   Thumb Code   118  __printf.o(.text)
    Inline ARM to Thumb Veneer to _printf_int_dec 0x00000308   ARM Code       8  _printf_dec.o(.text)
    _printf_int_dec                          0x00000311   Thumb Code    94  _printf_dec.o(.text)
    Inline Thumb to ARM Veneer to __aeabi_idivmod 0x00000381   Thumb Code     4  aeabi_sdiv.o(.text)
    __aeabi_idiv                             0x00000384   ARM Code       0  aeabi_sdiv.o(.text)
    __aeabi_idivmod                          0x00000384   ARM Code     384  aeabi_sdiv.o(.text)
    __use_two_region_memory                  0x00000505   Thumb Code     2  heapauxi.o(.text)
    __rt_heap_escrow$2region                 0x00000507   Thumb Code     2  heapauxi.o(.text)
    __rt_heap_expand$2region                 0x00000509   Thumb Code     2  heapauxi.o(.text)
    _printf_int_common                       0x0000050b   Thumb Code   186  _printf_intcommon.o(.text)
    __lib_sel_fp_printf                      0x000005c5   Thumb Code     2  _printf_fp_dec.o(.text)
    _printf_fp_dec_real                      0x00000765   Thumb Code   628  _printf_fp_dec.o(.text)
    _printf_char_file                        0x000009e5   Thumb Code    38  _printf_char_file.o(.text)
    Inline Thumb to ARM Veneer to __rt_udiv10 0x00000a11   Thumb Code     4  rtudiv10.o(.text)
    __rt_udiv10                              0x00000a14   ARM Code      44  rtudiv10.o(.text)
    Inline Thumb to ARM Veneer to __rt_locale 0x00000a41   Thumb Code     4  rt_locale_intlibspace.o(.text)
    __rt_locale                              0x00000a44   ARM Code      12  rt_locale_intlibspace.o(.text)
    Inline Thumb to ARM Veneer to _ll_udiv10 0x00000a51   Thumb Code     4  lludiv10.o(.text)
    _ll_udiv10                               0x00000a54   ARM Code     160  lludiv10.o(.text)
    _printf_char_common                      0x00000aff   Thumb Code    34  _printf_char_common.o(.text)
    _printf_fp_infnan                        0x00000b25   Thumb Code   128  _printf_fp_infnan.o(.text)
    _btod_etento                             0x00000bb5   Thumb Code   214  bigflt0.o(.text)
    __user_libspace                          0x00000c90   ARM Code      12  libspace.o(.text)
    __user_perproc_libspace                  0x00000c90   ARM Code       0  libspace.o(.text)
    __user_perthread_libspace                0x00000c90   ARM Code       0  libspace.o(.text)
    __user_setup_stackheap                   0x00000c9c   ARM Code      96  sys_stackheap_outer.o(.text)
    exit                                     0x00000cfd   Thumb Code    20  exit.o(.text)
    strcmp                                   0x00000d10   ARM Code     240  strcmp.o(.text)
    Inline Thumb to ARM Veneer to _btod_d2e  0x00000e05   Thumb Code     4  btod.o(CL$$btod_d2e)
    _btod_d2e                                0x00000e08   ARM Code      56  btod.o(CL$$btod_d2e)
    _d2e_denorm_low                          0x00000e40   ARM Code      84  btod.o(CL$$btod_d2e_denorm_low)
    _d2e_norm_op1                            0x00000e94   ARM Code     104  btod.o(CL$$btod_d2e_norm_op1)
    __btod_div_common                        0x00000efc   ARM Code     716  btod.o(CL$$btod_div_common)
    _e2e                                     0x00001248   ARM Code     244  btod.o(CL$$btod_e2e)
    Inline Thumb to ARM Veneer to _btod_ediv 0x0000133d   Thumb Code     4  btod.o(CL$$btod_ediv)
    _btod_ediv                               0x00001340   ARM Code      56  btod.o(CL$$btod_ediv)
    Inline Thumb to ARM Veneer to _btod_emul 0x00001379   Thumb Code     4  btod.o(CL$$btod_emul)
    _btod_emul                               0x0000137c   ARM Code      56  btod.o(CL$$btod_emul)
    __btod_mult_common                       0x000013b4   ARM Code     616  btod.o(CL$$btod_mult_common)
    Long ARM to Thumb Veneer to _printf_fp_dec_real 0x0000161c   ARM Code      12  anon$$obj.o(Veneer$$Code)
    I2C_init                                 0x00001628   ARM Code     116  i2c_communication.o(i.I2C_init)
    LidarRead_8bits                          0x000016a0   ARM Code     260  i2c_communication.o(i.LidarRead_8bits)
    LidarWrite_8bits                         0x00001818   ARM Code     164  i2c_communication.o(i.LidarWrite_8bits)
    Lidar_config                             0x000018f8   ARM Code     416  lidar.o(i.Lidar_config)
    Lidar_start_condition                    0x00001a98   ARM Code     160  i2c_communication.o(i.Lidar_start_condition)
    Lidar_stop_condition                     0x00001b3c   ARM Code      24  i2c_communication.o(i.Lidar_stop_condition)
    T0isr                                    0x00001b58   ARM Code     120  timer.o(i.T0isr)
    U0Write                                  0x00001bdc   ARM Code      36  uart0.o(i.U0Write)
    __ARM_common_call_via_r1                 0x00001c05   Thumb Code     2  __printf.o(i.__ARM_common_call_via_r1)
    __ARM_common_call_via_r2                 0x00001c07   Thumb Code     2  __printf.o(i.__ARM_common_call_via_r2)
    Inline Thumb to ARM Veneer to __ARM_fpclassify 0x00001c09   Thumb Code     4  fpclassify.o(i.__ARM_fpclassify)
    __ARM_fpclassify                         0x00001c0c   ARM Code      48  fpclassify.o(i.__ARM_fpclassify)
    _sys_exit                                0x00001c3c   ARM Code       4  retarget.o(i._sys_exit)
    delay_ms                                 0x00001c40   ARM Code      48  main.o(i.delay_ms)
    Inline Thumb to ARM Veneer to ferror     0x00001c75   Thumb Code     4  retarget.o(i.ferror)
    ferror                                   0x00001c78   ARM Code      12  retarget.o(i.ferror)
    fputc                                    0x00001c84   ARM Code      28  retarget.o(i.fputc)
    initTimer                                0x00001ca0   ARM Code     104  timer.o(i.initTimer)
    initUART0                                0x00001d10   ARM Code      80  uart0.o(i.initUART0)
    main                                     0x00001d64   ARM Code     524  main.o(i.main)
    read_distance                            0x00001fa4   ARM Code     132  lidar.o(i.read_distance)
    servo_init                               0x0000202c   ARM Code     164  main.o(i.servo_init)
    servo_set_position_x                     0x000020d8   ARM Code      24  main.o(i.servo_set_position_x)
    servo_set_position_y                     0x000020f4   ARM Code      24  main.o(i.servo_set_position_y)
    setup_function                           0x00002110   ARM Code      24  main.o(i.setup_function)
    wait_for_response                        0x00002128   ARM Code      68  i2c_communication.o(i.wait_for_response)
    Inline Thumb to ARM Veneer to _get_lc_numeric 0x00002175   Thumb Code     4  lc_numeric_c.o(locale$$code)
    _get_lc_numeric                          0x00002178   ARM Code      80  lc_numeric_c.o(locale$$code)
    __aeabi_dadd                             0x000021c8   ARM Code       0  daddsub_noclz.o(x$fpl$dadd)
    _dadd                                    0x000021c8   ARM Code     336  daddsub_noclz.o(x$fpl$dadd)
    __fpl_dnaninf                            0x0000231c   ARM Code     192  dnaninf.o(x$fpl$dnaninf)
    __fpl_dretinf                            0x000023dc   ARM Code      16  dretinf.o(x$fpl$dretinf)
    __aeabi_dsub                             0x000023ec   ARM Code       0  daddsub_noclz.o(x$fpl$dsub)
    _dsub                                    0x000023ec   ARM Code     576  daddsub_noclz.o(x$fpl$dsub)
    Inline Thumb to ARM Veneer to __ieee_status 0x00002631   Thumb Code     4  istatus.o(x$fpl$ieeestatus)
    __ieee_status                            0x00002634   ARM Code       8  istatus.o(x$fpl$ieeestatus)
    _printf_fp_dec                           0x0000263c   ARM Code       4  printf1.o(x$fpl$printf1)
    __I$use$fp                               0x00002640   Number         0  usenofp.o(x$fpl$usenofp)
    Region$$Table$$Base                      0x000026d4   Number         0  anon$$obj.o(Region$$Table)
    Region$$Table$$Limit                     0x000026f4   Number         0  anon$$obj.o(Region$$Table)
    __stdout                                 0x40000000   Data           4  retarget.o(.data)
    __stdin                                  0x40000004   Data           4  retarget.o(.data)
    __stderr                                 0x40000008   Data           4  retarget.o(.data)
    x                                        0x40000010   Data           4  timer.o(.data)
    __libspace_start                         0x40000014   Data          96  libspace.o(.bss)
    __temporary_stack_top$libspace           0x40000074   Data           0  libspace.o(.bss)



==============================================================================

Memory Map of the image

  Image Entry point : 0x00000110

  Load Region LR_IROM1 (Base: 0x00000000, Size: 0x00002724, Max: 0x00040000, ABSOLUTE)

    Execution Region ER_IROM1 (Exec base: 0x00000000, Load base: 0x00000000, Size: 0x00002710, Max: 0x00040000, ABSOLUTE)

    Exec Addr    Load Addr    Size         Type   Attr      Idx    E Section Name        Object

    0x00000000   0x00000000   0x00000110   Code   RO            3    RESET               startup.o
    0x00000110   0x00000110   0x00000008   Code   RO          377  * !!!main             c_t.l(__main.o)
    0x00000118   0x00000118   0x0000003c   Code   RO          625    !!!scatter          c_t.l(__scatter.o)
    0x00000154   0x00000154   0x00000028   Code   RO          627    !!handler_copy      c_t.l(__scatter_copy.o)
    0x0000017c   0x0000017c   0x0000002c   Code   RO          629    !!handler_zi        c_t.l(__scatter_zi.o)
    0x000001a8   0x000001a8   0x00000004   Ven    RO          358    .ARM.Collect$$_printf_percent$$00000000  c_t.l(_printf_percent.o)
    0x000001ac   0x000001ac   0x00000000   Code   RO          358    .ARM.Collect$$_printf_percent$$00000000  c_t.l(_printf_percent.o)
    0x000001ac   0x000001ac   0x00000008   Code   RO          357    .ARM.Collect$$_printf_percent$$00000005  c_t.l(_printf_g.o)
    0x000001b4   0x000001b4   0x00000008   Code   RO          356    .ARM.Collect$$_printf_percent$$00000009  c_t.l(_printf_d.o)
    0x000001bc   0x000001bc   0x00000008   Code   RO          412    .ARM.Collect$$_printf_percent$$00000017  c_t.l(_printf_percent_end.o)
    0x000001c4   0x000001c4   0x00000008   Ven    RO          504    .ARM.Collect$$libinit$$00000000  c_t.l(libinit.o)
    0x000001cc   0x000001cc   0x00000002   Code   RO          504    .ARM.Collect$$libinit$$00000000  c_t.l(libinit.o)
    0x000001ce   0x000001ce   0x00000000   Code   RO          506    .ARM.Collect$$libinit$$00000002  c_t.l(libinit2.o)
    0x000001ce   0x000001ce   0x00000000   Code   RO          508    .ARM.Collect$$libinit$$00000004  c_t.l(libinit2.o)
    0x000001ce   0x000001ce   0x00000000   Code   RO          511    .ARM.Collect$$libinit$$0000000A  c_t.l(libinit2.o)
    0x000001ce   0x000001ce   0x00000000   Code   RO          513    .ARM.Collect$$libinit$$0000000C  c_t.l(libinit2.o)
    0x000001ce   0x000001ce   0x00000000   Code   RO          515    .ARM.Collect$$libinit$$0000000E  c_t.l(libinit2.o)
    0x000001ce   0x000001ce   0x00000006   Code   RO          516    .ARM.Collect$$libinit$$0000000F  c_t.l(libinit2.o)
    0x000001d4   0x000001d4   0x00000000   Code   RO          518    .ARM.Collect$$libinit$$00000011  c_t.l(libinit2.o)
    0x000001d4   0x000001d4   0x00000000   Code   RO          520    .ARM.Collect$$libinit$$00000013  c_t.l(libinit2.o)
    0x000001d4   0x000001d4   0x00000000   Code   RO          522    .ARM.Collect$$libinit$$00000015  c_t.l(libinit2.o)
    0x000001d4   0x000001d4   0x0000000a   Code   RO          523    .ARM.Collect$$libinit$$00000016  c_t.l(libinit2.o)
    0x000001de   0x000001de   0x00000000   Code   RO          524    .ARM.Collect$$libinit$$00000017  c_t.l(libinit2.o)
    0x000001de   0x000001de   0x00000000   Code   RO          526    .ARM.Collect$$libinit$$00000019  c_t.l(libinit2.o)
    0x000001de   0x000001de   0x00000000   Code   RO          528    .ARM.Collect$$libinit$$0000001B  c_t.l(libinit2.o)
    0x000001de   0x000001de   0x00000000   Code   RO          530    .ARM.Collect$$libinit$$0000001D  c_t.l(libinit2.o)
    0x000001de   0x000001de   0x00000000   Code   RO          532    .ARM.Collect$$libinit$$0000001F  c_t.l(libinit2.o)
    0x000001de   0x000001de   0x00000000   Code   RO          534    .ARM.Collect$$libinit$$00000021  c_t.l(libinit2.o)
    0x000001de   0x000001de   0x00000000   Code   RO          536    .ARM.Collect$$libinit$$00000023  c_t.l(libinit2.o)
    0x000001de   0x000001de   0x00000000   Code   RO          538    .ARM.Collect$$libinit$$00000025  c_t.l(libinit2.o)
    0x000001de   0x000001de   0x00000000   Code   RO          542    .ARM.Collect$$libinit$$0000002C  c_t.l(libinit2.o)
    0x000001de   0x000001de   0x00000000   Code   RO          544    .ARM.Collect$$libinit$$0000002E  c_t.l(libinit2.o)
    0x000001de   0x000001de   0x00000000   Code   RO          546    .ARM.Collect$$libinit$$00000030  c_t.l(libinit2.o)
    0x000001de   0x000001de   0x00000000   Code   RO          548    .ARM.Collect$$libinit$$00000032  c_t.l(libinit2.o)
    0x000001de   0x000001de   0x0000000c   Code   RO          549    .ARM.Collect$$libinit$$00000033  c_t.l(libinit2.o)
    0x000001ea   0x000001ea   0x00000002   PAD
    0x000001ec   0x000001ec   0x00000008   Ven    RO          589    .ARM.Collect$$libshutdown$$00000000  c_t.l(libshutdown.o)
    0x000001f4   0x000001f4   0x00000004   Code   RO          589    .ARM.Collect$$libshutdown$$00000000  c_t.l(libshutdown.o)
    0x000001f8   0x000001f8   0x00000000   Code   RO          608    .ARM.Collect$$libshutdown$$00000002  c_t.l(libshutdown2.o)
    0x000001f8   0x000001f8   0x00000000   Code   RO          610    .ARM.Collect$$libshutdown$$00000004  c_t.l(libshutdown2.o)
    0x000001f8   0x000001f8   0x00000000   Code   RO          613    .ARM.Collect$$libshutdown$$00000007  c_t.l(libshutdown2.o)
    0x000001f8   0x000001f8   0x00000000   Code   RO          616    .ARM.Collect$$libshutdown$$0000000A  c_t.l(libshutdown2.o)
    0x000001f8   0x000001f8   0x00000000   Code   RO          618    .ARM.Collect$$libshutdown$$0000000C  c_t.l(libshutdown2.o)
    0x000001f8   0x000001f8   0x00000000   Code   RO          621    .ARM.Collect$$libshutdown$$0000000F  c_t.l(libshutdown2.o)
    0x000001f8   0x000001f8   0x00000006   Code   RO          622    .ARM.Collect$$libshutdown$$00000010  c_t.l(libshutdown2.o)
    0x000001fe   0x000001fe   0x00000002   PAD
    0x00000200   0x00000200   0x00000000   Code   RO          401    .ARM.Collect$$rtentry$$00000000  c_t.l(__rtentry.o)
    0x00000200   0x00000200   0x00000000   Code   RO          421    .ARM.Collect$$rtentry$$00000002  c_t.l(__rtentry2.o)
    0x00000200   0x00000200   0x00000008   Code   RO          433    .ARM.Collect$$rtentry$$00000004  c_t.l(__rtentry4.o)
    0x00000208   0x00000208   0x00000000   Code   RO          423    .ARM.Collect$$rtentry$$00000009  c_t.l(__rtentry2.o)
    0x00000208   0x00000208   0x00000004   Code   RO          424    .ARM.Collect$$rtentry$$0000000A  c_t.l(__rtentry2.o)
    0x0000020c   0x0000020c   0x00000000   Code   RO          426    .ARM.Collect$$rtentry$$0000000C  c_t.l(__rtentry2.o)
    0x0000020c   0x0000020c   0x00000028   Code   RO          427    .ARM.Collect$$rtentry$$0000000D  c_t.l(__rtentry2.o)
    0x00000234   0x00000234   0x00000004   Ven    RO          550    .ARM.Collect$$rtexit$$00000000  c_t.l(rtexit.o)
    0x00000238   0x00000238   0x00000004   Code   RO          550    .ARM.Collect$$rtexit$$00000000  c_t.l(rtexit.o)
    0x0000023c   0x0000023c   0x00000000   Code   RO          563    .ARM.Collect$$rtexit$$00000002  c_t.l(rtexit2.o)
    0x0000023c   0x0000023c   0x00000004   Code   RO          564    .ARM.Collect$$rtexit$$00000003  c_t.l(rtexit2.o)
    0x00000240   0x00000240   0x00000008   Code   RO          565    .ARM.Collect$$rtexit$$00000004  c_t.l(rtexit2.o)
    0x00000248   0x00000248   0x00000020   Code   RO            4    .text               startup.o
    0x00000268   0x00000268   0x00000004   Code   RO          322    .text               c_t.l(use_no_semi.o)
    0x0000026c   0x0000026c   0x00000008   Ven    RO          326    .text               c_t.l(noretval__2printf.o)
    0x00000274   0x00000274   0x0000001c   Code   RO          326    .text               c_t.l(noretval__2printf.o)
    0x00000290   0x00000290   0x00000076   Code   RO          328    .text               c_t.l(__printf.o)
    0x00000306   0x00000306   0x00000002   PAD
    0x00000308   0x00000308   0x00000008   Ven    RO          334    .text               c_t.l(_printf_dec.o)
    0x00000310   0x00000310   0x00000070   Code   RO          334    .text               c_t.l(_printf_dec.o)
    0x00000380   0x00000380   0x00000004   Ven    RO          359    .text               c_t.l(aeabi_sdiv.o)
    0x00000384   0x00000384   0x00000180   Code   RO          359    .text               c_t.l(aeabi_sdiv.o)
    0x00000504   0x00000504   0x00000006   Code   RO          375    .text               c_t.l(heapauxi.o)
    0x0000050a   0x0000050a   0x000000ba   Code   RO          406    .text               c_t.l(_printf_intcommon.o)
    0x000005c4   0x000005c4   0x00000420   Code   RO          408    .text               c_t.l(_printf_fp_dec.o)
    0x000009e4   0x000009e4   0x0000002c   Code   RO          410    .text               c_t.l(_printf_char_file.o)
    0x00000a10   0x00000a10   0x00000004   Ven    RO          413    .text               c_t.l(rtudiv10.o)
    0x00000a14   0x00000a14   0x0000002c   Code   RO          413    .text               c_t.l(rtudiv10.o)
    0x00000a40   0x00000a40   0x00000004   Ven    RO          440    .text               c_t.l(rt_locale_intlibspace.o)
    0x00000a44   0x00000a44   0x0000000c   Code   RO          440    .text               c_t.l(rt_locale_intlibspace.o)
    0x00000a50   0x00000a50   0x00000004   Ven    RO          442    .text               c_t.l(lludiv10.o)
    0x00000a54   0x00000a54   0x000000a0   Code   RO          442    .text               c_t.l(lludiv10.o)
    0x00000af4   0x00000af4   0x00000030   Code   RO          444    .text               c_t.l(_printf_char_common.o)
    0x00000b24   0x00000b24   0x00000090   Code   RO          446    .text               c_t.l(_printf_fp_infnan.o)
    0x00000bb4   0x00000bb4   0x000000dc   Code   RO          448    .text               c_t.l(bigflt0.o)
    0x00000c90   0x00000c90   0x0000000c   Code   RO          480    .text               c_t.l(libspace.o)
    0x00000c9c   0x00000c9c   0x00000060   Code   RO          483    .text               c_t.l(sys_stackheap_outer.o)
    0x00000cfc   0x00000cfc   0x00000014   Code   RO          491    .text               c_t.l(exit.o)
    0x00000d10   0x00000d10   0x000000f4   Code   RO          497    .text               c_t.l(strcmp.o)
    0x00000e04   0x00000e04   0x00000004   Ven    RO          451    CL$$btod_d2e        c_t.l(btod.o)
    0x00000e08   0x00000e08   0x00000038   Code   RO          451    CL$$btod_d2e        c_t.l(btod.o)
    0x00000e40   0x00000e40   0x00000054   Code   RO          453    CL$$btod_d2e_denorm_low  c_t.l(btod.o)
    0x00000e94   0x00000e94   0x00000068   Code   RO          452    CL$$btod_d2e_norm_op1  c_t.l(btod.o)
    0x00000efc   0x00000efc   0x0000034c   Code   RO          461    CL$$btod_div_common  c_t.l(btod.o)
    0x00001248   0x00001248   0x000000f4   Code   RO          458    CL$$btod_e2e        c_t.l(btod.o)
    0x0000133c   0x0000133c   0x00000004   Ven    RO          455    CL$$btod_ediv       c_t.l(btod.o)
    0x00001340   0x00001340   0x00000038   Code   RO          455    CL$$btod_ediv       c_t.l(btod.o)
    0x00001378   0x00001378   0x00000004   Ven    RO          454    CL$$btod_emul       c_t.l(btod.o)
    0x0000137c   0x0000137c   0x00000038   Code   RO          454    CL$$btod_emul       c_t.l(btod.o)
    0x000013b4   0x000013b4   0x00000268   Code   RO          460    CL$$btod_mult_common  c_t.l(btod.o)
    0x0000161c   0x0000161c   0x0000000c   Ven    RO          648    Veneer$$Code        anon$$obj.o
    0x00001628   0x00001628   0x00000078   Code   RO           11    i.I2C_init          i2c_communication.o
    0x000016a0   0x000016a0   0x00000178   Code   RO           12    i.LidarRead_8bits   i2c_communication.o
    0x00001818   0x00001818   0x000000e0   Code   RO           13    i.LidarWrite_8bits  i2c_communication.o
    0x000018f8   0x000018f8   0x000001a0   Code   RO           70    i.Lidar_config      lidar.o
    0x00001a98   0x00001a98   0x000000a4   Code   RO           14    i.Lidar_start_condition  i2c_communication.o
    0x00001b3c   0x00001b3c   0x0000001c   Code   RO           15    i.Lidar_stop_condition  i2c_communication.o
    0x00001b58   0x00001b58   0x00000084   Code   RO          218    i.T0isr             timer.o
    0x00001bdc   0x00001bdc   0x00000028   Code   RO          253    i.U0Write           uart0.o
    0x00001c04   0x00001c04   0x00000002   Code   RO          332    i.__ARM_common_call_via_r1  c_t.l(__printf.o)
    0x00001c06   0x00001c06   0x00000002   Code   RO          330    i.__ARM_common_call_via_r2  c_t.l(__printf.o)
    0x00001c08   0x00001c08   0x00000004   Ven    RO          478    i.__ARM_fpclassify  m_ts.l(fpclassify.o)
    0x00001c0c   0x00001c0c   0x00000030   Code   RO          478    i.__ARM_fpclassify  m_ts.l(fpclassify.o)
    0x00001c3c   0x00001c3c   0x00000004   Code   RO          172    i._sys_exit         retarget.o
    0x00001c40   0x00001c40   0x00000034   Code   RO          102    i.delay_ms          main.o
    0x00001c74   0x00001c74   0x00000004   Ven    RO          174    i.ferror            retarget.o
    0x00001c78   0x00001c78   0x0000000c   Code   RO          174    i.ferror            retarget.o
    0x00001c84   0x00001c84   0x0000001c   Code   RO          175    i.fputc             retarget.o
    0x00001ca0   0x00001ca0   0x00000070   Code   RO          220    i.initTimer         timer.o
    0x00001d10   0x00001d10   0x00000054   Code   RO          254    i.initUART0         uart0.o
    0x00001d64   0x00001d64   0x00000240   Code   RO          103    i.main              main.o
    0x00001fa4   0x00001fa4   0x00000088   Code   RO           71    i.read_distance     lidar.o
    0x0000202c   0x0000202c   0x000000ac   Code   RO          104    i.servo_init        main.o
    0x000020d8   0x000020d8   0x0000001c   Code   RO          105    i.servo_set_position_x  main.o
    0x000020f4   0x000020f4   0x0000001c   Code   RO          106    i.servo_set_position_y  main.o
    0x00002110   0x00002110   0x00000018   Code   RO          107    i.setup_function    main.o
    0x00002128   0x00002128   0x0000004c   Code   RO           16    i.wait_for_response  i2c_communication.o
    0x00002174   0x00002174   0x00000004   Ven    RO          474    locale$$code        c_t.l(lc_numeric_c.o)
    0x00002178   0x00002178   0x00000050   Code   RO          474    locale$$code        c_t.l(lc_numeric_c.o)
    0x000021c8   0x000021c8   0x00000154   Code   RO          379    x$fpl$dadd          fz_ts.l(daddsub_noclz.o)
    0x0000231c   0x0000231c   0x000000c0   Code   RO          415    x$fpl$dnaninf       fz_ts.l(dnaninf.o)
    0x000023dc   0x000023dc   0x00000010   Code   RO          417    x$fpl$dretinf       fz_ts.l(dretinf.o)
    0x000023ec   0x000023ec   0x00000244   Code   RO          381    x$fpl$dsub          fz_ts.l(daddsub_noclz.o)
    0x00002630   0x00002630   0x00000004   Ven    RO          476    x$fpl$ieeestatus    fz_ts.l(istatus.o)
    0x00002634   0x00002634   0x00000008   Code   RO          476    x$fpl$ieeestatus    fz_ts.l(istatus.o)
    0x0000263c   0x0000263c   0x00000004   Code   RO          399    x$fpl$printf1       fz_ts.l(printf1.o)
    0x00002640   0x00002640   0x00000000   Code   RO          419    x$fpl$usenofp       fz_ts.l(usenofp.o)
    0x00002640   0x00002640   0x00000094   Data   RO          449    .constdata          c_t.l(bigflt0.o)
    0x000026d4   0x000026d4   0x00000020   Data   RO          623    Region$$Table       anon$$obj.o
    0x000026f4   0x000026f4   0x0000001c   Data   RO          473    locale$$data        c_t.l(lc_numeric_c.o)


    Execution Region RW_IRAM1 (Exec base: 0x40000000, Load base: 0x00002710, Size: 0x00000500, Max: 0x00004000, ABSOLUTE)

    Exec Addr    Load Addr    Size         Type   Attr      Idx    E Section Name        Object

    0x40000000   0x00002710   0x0000000c   Data   RW          176    .data               retarget.o
    0x4000000c   0x0000271c   0x00000008   Data   RW          221    .data               timer.o
    0x40000014        -       0x00000060   Zero   RW          481    .bss                c_t.l(libspace.o)
    0x40000074   0x00002724   0x00000004   PAD
    0x40000078        -       0x00000000   Zero   RW            2    HEAP                startup.o
    0x40000078        -       0x00000488   Zero   RW            1    STACK               startup.o


==============================================================================

Image component sizes


      Code (inc. data)   RO Data    RW Data    ZI Data      Debug   Object Name

       988        196          0          0          0       8159   i2c_communication.o
       552          4          0          0          0       1799   lidar.o
       880         72          0          0          0       3354   main.o
        44          0          0         12          0       3347   retarget.o
       304         60          0          0       1160        596   startup.o
       244         20          0          8          0       1100   timer.o
       124          8          0          0          0        874   uart0.o

    ----------------------------------------------------------------------
      3152        364         32         20       1160      19229   Object Totals
        16          4         32          0          0          0   (incl. Generated)
         0          0          0          0          0          0   (incl. Padding)

    ----------------------------------------------------------------------

      Code (inc. data)   RO Data    RW Data    ZI Data      Debug   Library Member Name

         8          0          0          0          0         68   __main.o
       122          0          0          0          0        208   __printf.o
         0          0          0          0          0          0   __rtentry.o
        44          4          0          0          0          0   __rtentry2.o
         8          0          0          0          0          0   __rtentry4.o
        60          8          0          0          0          0   __scatter.o
        40          0          0          0          0          0   __scatter_copy.o
        44          0          0          0          0          0   __scatter_zi.o
        48          4          0          0          0         96   _printf_char_common.o
        44          6          0          0          0         88   _printf_char_file.o
         8          0          0          0          0          0   _printf_d.o
       120         18          0          0          0         88   _printf_dec.o
      1056         12          0          0          0        188   _printf_fp_dec.o
       144         16          0          0          0         88   _printf_fp_infnan.o
         8          0          0          0          0          0   _printf_g.o
       186          0          0          0          0         96   _printf_intcommon.o
         4          0          0          0          0          0   _printf_percent.o
         8          0          0          0          0          0   _printf_percent_end.o
       388          0          0          0          0         80   aeabi_sdiv.o
       220          6        148          0          0         96   bigflt0.o
      2072        128          0          0          0        700   btod.o
        20          0          0          0          0         80   exit.o
         6          0          0          0          0        136   heapauxi.o
        84          8         28          0          0         92   lc_numeric_c.o
        10          0          0          0          0          0   libinit.o
        28          0          0          0          0          0   libinit2.o
        12          0          0          0          0          0   libshutdown.o
         6          0          0          0          0          0   libshutdown2.o
        12          4          0          0         96         68   libspace.o
       164          0          0          0          0         96   lludiv10.o
        36          6          0          0          0         84   noretval__2printf.o
        16          4          0          0          0         68   rt_locale_intlibspace.o
         8          0          0          0          0          0   rtexit.o
        12          0          0          0          0          0   rtexit2.o
        48          0          0          0          0         68   rtudiv10.o
       244          4          0          0          0         80   strcmp.o
        96          0          0          0          0         80   sys_stackheap_outer.o
         4          0          0          0          0         68   use_no_semi.o
       920         16          0          0          0        292   daddsub_noclz.o
       192          0          0          0          0        108   dnaninf.o
        16          0          0          0          0         68   dretinf.o
        12          0          0          0          0         68   istatus.o
         4          0          0          0          0         68   printf1.o
         0          0          0          0          0          0   usenofp.o
        52          0          0          0          0         68   fpclassify.o

    ----------------------------------------------------------------------
      6640        244        176          0        100       3388   Library Totals
         6          0          0          0          4          0   (incl. Padding)

    ----------------------------------------------------------------------

      Code (inc. data)   RO Data    RW Data    ZI Data      Debug   Library Name

      5438        228        176          0         96       2716   c_t.l
      1144         16          0          0          0        604   fz_ts.l
        52          0          0          0          0         68   m_ts.l

    ----------------------------------------------------------------------
      6640        244        176          0        100       3388   Library Totals

    ----------------------------------------------------------------------

==============================================================================


      Code (inc. data)   RO Data    RW Data    ZI Data      Debug   

      9792        608        208         20       1260      20169   Grand Totals
      9792        608        208         20       1260      20169   ELF Image Totals
      9792        608        208         20          0          0   ROM Totals

==============================================================================

    Total RO  Size (Code + RO Data)                10000 (   9.77kB)
    Total RW  Size (RW Data + ZI Data)              1280 (   1.25kB)
    Total ROM Size (Code + RO Data + RW Data)      10020 (   9.79kB)

==============================================================================

